Archive member included to satisfy reference by file (symbol)

/usr/lib/gcc/arm-none-eabi/9.2.1/../../../arm-none-eabi/lib/thumb/v7-m/nofp/libc_nano.a(lib_a-malloc.o)
                              build//root/fuzz/kernel/FreeRTOS/FreeRTOS/Source/portable/MemMang/heap_3.o (malloc)
/usr/lib/gcc/arm-none-eabi/9.2.1/../../../arm-none-eabi/lib/thumb/v7-m/nofp/libc_nano.a(lib_a-memcmp.o)
                              build//root/fuzz/kernel/FreeRTOS/FreeRTOS-Plus/Source/FreeRTOS-Plus-TCP/FreeRTOS_ARP.o (memcmp)
/usr/lib/gcc/arm-none-eabi/9.2.1/../../../arm-none-eabi/lib/thumb/v7-m/nofp/libc_nano.a(lib_a-memcpy.o)
                              build//root/fuzz/kernel/FreeRTOS/FreeRTOS/Source/queue.o (memcpy)
/usr/lib/gcc/arm-none-eabi/9.2.1/../../../arm-none-eabi/lib/thumb/v7-m/nofp/libc_nano.a(lib_a-memmove.o)
                              build//root/fuzz/kernel/FreeRTOS/FreeRTOS-Plus/Source/FreeRTOS-Plus-TCP/FreeRTOS_IP.o (memmove)
/usr/lib/gcc/arm-none-eabi/9.2.1/../../../arm-none-eabi/lib/thumb/v7-m/nofp/libc_nano.a(lib_a-memset.o)
                              build//root/fuzz/kernel/FreeRTOS/FreeRTOS-Plus/Source/FreeRTOS-Plus-TCP/FreeRTOS_DNS.o (memset)
/usr/lib/gcc/arm-none-eabi/9.2.1/../../../arm-none-eabi/lib/thumb/v7-m/nofp/libc_nano.a(lib_a-nano-freer.o)
                              /usr/lib/gcc/arm-none-eabi/9.2.1/../../../arm-none-eabi/lib/thumb/v7-m/nofp/libc_nano.a(lib_a-malloc.o) (_free_r)
/usr/lib/gcc/arm-none-eabi/9.2.1/../../../arm-none-eabi/lib/thumb/v7-m/nofp/libc_nano.a(lib_a-nano-mallocr.o)
                              /usr/lib/gcc/arm-none-eabi/9.2.1/../../../arm-none-eabi/lib/thumb/v7-m/nofp/libc_nano.a(lib_a-malloc.o) (_malloc_r)
/usr/lib/gcc/arm-none-eabi/9.2.1/../../../arm-none-eabi/lib/thumb/v7-m/nofp/libc_nano.a(lib_a-printf.o)
                              build/main_networking.o (printf)
/usr/lib/gcc/arm-none-eabi/9.2.1/../../../arm-none-eabi/lib/thumb/v7-m/nofp/libc_nano.a(lib_a-puts.o)
                              build/TCPEchoClient_SingleTasks.o (puts)
/usr/lib/gcc/arm-none-eabi/9.2.1/../../../arm-none-eabi/lib/thumb/v7-m/nofp/libc_nano.a(lib_a-sbrkr.o)
                              /usr/lib/gcc/arm-none-eabi/9.2.1/../../../arm-none-eabi/lib/thumb/v7-m/nofp/libc_nano.a(lib_a-nano-mallocr.o) (_sbrk_r)
/usr/lib/gcc/arm-none-eabi/9.2.1/../../../arm-none-eabi/lib/thumb/v7-m/nofp/libc_nano.a(lib_a-snprintf.o)
                              build//root/fuzz/kernel/FreeRTOS/FreeRTOS-Plus/Source/FreeRTOS-Plus-TCP/FreeRTOS_IP.o (snprintf)
/usr/lib/gcc/arm-none-eabi/9.2.1/../../../arm-none-eabi/lib/thumb/v7-m/nofp/libc_nano.a(lib_a-sprintf.o)
                              build/TCPEchoClient_SingleTasks.o (sprintf)
/usr/lib/gcc/arm-none-eabi/9.2.1/../../../arm-none-eabi/lib/thumb/v7-m/nofp/libc_nano.a(lib_a-strcasecmp.o)
                              build/main_networking.o (strcasecmp)
/usr/lib/gcc/arm-none-eabi/9.2.1/../../../arm-none-eabi/lib/thumb/v7-m/nofp/libc_nano.a(lib_a-strcmp.o)
                              build//root/fuzz/kernel/FreeRTOS/FreeRTOS-Plus/Source/FreeRTOS-Plus-TCP/FreeRTOS_DNS.o (strcmp)
/usr/lib/gcc/arm-none-eabi/9.2.1/../../../arm-none-eabi/lib/thumb/v7-m/nofp/libc_nano.a(lib_a-strcpy.o)
                              build//root/fuzz/kernel/FreeRTOS/FreeRTOS-Plus/Source/FreeRTOS-Plus-TCP/FreeRTOS_DNS.o (strcpy)
/usr/lib/gcc/arm-none-eabi/9.2.1/../../../arm-none-eabi/lib/thumb/v7-m/nofp/libc_nano.a(lib_a-strlen-stub.o)
                              build//root/fuzz/kernel/FreeRTOS/FreeRTOS-Plus/Source/FreeRTOS-Plus-TCP/FreeRTOS_DNS.o (strlen)
/usr/lib/gcc/arm-none-eabi/9.2.1/../../../arm-none-eabi/lib/thumb/v7-m/nofp/libc_nano.a(lib_a-strncmp.o)
                              build/TCPEchoClient_SingleTasks.o (strncmp)
/usr/lib/gcc/arm-none-eabi/9.2.1/../../../arm-none-eabi/lib/thumb/v7-m/nofp/libc_nano.a(lib_a-time.o)
                              build/main_networking.o (time)
/usr/lib/gcc/arm-none-eabi/9.2.1/../../../arm-none-eabi/lib/thumb/v7-m/nofp/libc_nano.a(lib_a-vprintf.o)
                              build/main.o (vprintf)
/usr/lib/gcc/arm-none-eabi/9.2.1/../../../arm-none-eabi/lib/thumb/v7-m/nofp/libc_nano.a(lib_a-wbuf.o)
                              /usr/lib/gcc/arm-none-eabi/9.2.1/../../../arm-none-eabi/lib/thumb/v7-m/nofp/libc_nano.a(lib_a-puts.o) (__swbuf_r)
/usr/lib/gcc/arm-none-eabi/9.2.1/../../../arm-none-eabi/lib/thumb/v7-m/nofp/libc_nano.a(lib_a-wsetup.o)
                              /usr/lib/gcc/arm-none-eabi/9.2.1/../../../arm-none-eabi/lib/thumb/v7-m/nofp/libc_nano.a(lib_a-puts.o) (__swsetup_r)
/usr/lib/gcc/arm-none-eabi/9.2.1/../../../arm-none-eabi/lib/thumb/v7-m/nofp/libc_nano.a(lib_a-ctype_.o)
                              /usr/lib/gcc/arm-none-eabi/9.2.1/../../../arm-none-eabi/lib/thumb/v7-m/nofp/libc_nano.a(lib_a-strcasecmp.o) (_ctype_)
/usr/lib/gcc/arm-none-eabi/9.2.1/../../../arm-none-eabi/lib/thumb/v7-m/nofp/libc_nano.a(lib_a-fflush.o)
[...]
Memory Configuration

Name             Origin             Length             Attributes
FLASH            0x0000000000000000 0x0000000000400000 xr
RAM              0x0000000020000000 0x0000000000400000 xrw
*default*        0x0000000000000000 0xffffffffffffffff

Linker script and memory map

LOAD /usr/lib/gcc/arm-none-eabi/9.2.1/../../../arm-none-eabi/lib/thumb/v7-m/nofp/libc_nano.a
LOAD /usr/lib/gcc/arm-none-eabi/9.2.1/../../../arm-none-eabi/lib/thumb/v7-m/nofp/librdimon_nano.a
LOAD build/init/startup.o
LOAD build/syscall.o
LOAD build/main.o
LOAD build//root/fuzz/kernel/FreeRTOS/FreeRTOS/Source/portable/GCC/ARM_CM3/port.o
LOAD build//root/fuzz/kernel/FreeRTOS/FreeRTOS/Source/tasks.o
LOAD build//root/fuzz/kernel/FreeRTOS/FreeRTOS/Source/list.o
LOAD build//root/fuzz/kernel/FreeRTOS/FreeRTOS/Source/queue.o
LOAD build//root/fuzz/kernel/FreeRTOS/FreeRTOS/Source/timers.o
LOAD build//root/fuzz/kernel/FreeRTOS/FreeRTOS/Source/event_groups.o
LOAD build//root/fuzz/kernel/FreeRTOS/FreeRTOS/Source/portable/MemMang/heap_3.o
LOAD build/main_networking.o
LOAD build//root/fuzz/kernel/FreeRTOS/FreeRTOS-Plus/Source/FreeRTOS-Plus-TCP/FreeRTOS_DNS.o
LOAD build//root/fuzz/kernel/FreeRTOS/FreeRTOS-Plus/Source/FreeRTOS-Plus-TCP/FreeRTOS_DHCP.o
LOAD build//root/fuzz/kernel/FreeRTOS/FreeRTOS-Plus/Source/FreeRTOS-Plus-TCP/FreeRTOS_ARP.o
LOAD build//root/fuzz/kernel/FreeRTOS/FreeRTOS-Plus/Source/FreeRTOS-Plus-TCP/FreeRTOS_TCP_WIN.o
LOAD build//root/fuzz/kernel/FreeRTOS/FreeRTOS-Plus/Source/FreeRTOS-Plus-TCP/FreeRTOS_Stream_Buffer.o
LOAD build//root/fuzz/kernel/FreeRTOS/FreeRTOS-Plus/Source/FreeRTOS-Plus-TCP/portable/BufferManagement/BufferAllocation_2.o
LOAD build//root/fuzz/kernel/FreeRTOS/FreeRTOS-Plus/Source/FreeRTOS-Plus-TCP/FreeRTOS_IP.o
LOAD build//root/fuzz/kernel/FreeRTOS/FreeRTOS-Plus/Source/FreeRTOS-Plus-TCP/FreeRTOS_TCP_IP.o
LOAD build//root/fuzz/kernel/FreeRTOS/FreeRTOS-Plus/Source/FreeRTOS-Plus-TCP/FreeRTOS_UDP_IP.o
LOAD build//root/fuzz/kernel/FreeRTOS/FreeRTOS-Plus/Source/FreeRTOS-Plus-TCP/FreeRTOS_Sockets.o
LOAD build//root/fuzz/kernel/FreeRTOS/FreeRTOS-Plus/Source/FreeRTOS-Plus-TCP/portable/NetworkInterface/MPS2_AN385/NetworkInterface.o
LOAD build/TCPEchoClient_SingleTasks.o
LOAD build//root/fuzz/kernel/FreeRTOS/FreeRTOS-Plus/Source/FreeRTOS-Plus-TCP/portable/NetworkInterface/MPS2_AN385/ether_lan9118/smsc9220_eth_drv.o
START GROUP
LOAD /usr/lib/gcc/arm-none-eabi/9.2.1/thumb/v7-m/nofp/libgcc.a
LOAD /usr/lib/gcc/arm-none-eabi/9.2.1/../../../arm-none-eabi/lib/thumb/v7-m/nofp/libc_nano.a
END GROUP
START GROUP
LOAD /usr/lib/gcc/arm-none-eabi/9.2.1/thumb/v7-m/nofp/libgcc.a
LOAD /usr/lib/gcc/arm-none-eabi/9.2.1/../../../arm-none-eabi/lib/thumb/v7-m/nofp/libc_nano.a
LOAD /usr/lib/gcc/arm-none-eabi/9.2.1/../../../arm-none-eabi/lib/thumb/v7-m/nofp/librdimon_nano.a
END GROUP
START GROUP
LOAD /usr/lib/gcc/arm-none-eabi/9.2.1/thumb/v7-m/nofp/libgcc.a
LOAD /usr/lib/gcc/arm-none-eabi/9.2.1/../../../arm-none-eabi/lib/thumb/v7-m/nofp/libc_nano.a
LOAD /usr/lib/gcc/arm-none-eabi/9.2.1/../../../arm-none-eabi/lib/thumb/v7-m/nofp/librdimon_nano.a
END GROUP
                0x0000000000040000                _Min_Heap_Size = 0x40000
                0x0000000000004000                _Min_Stack_Size = 0x4000
                0x0000000000000100                M_VECTOR_RAM_SIZE = 0x100
                0x0000000020400000                _estack = (ORIGIN (RAM) + LENGTH (RAM))

.isr_vector     0x0000000000000000       0x78
                0x0000000000000000                __vector_table = .
 *(.isr_vector)
 .isr_vector    0x0000000000000000       0x78 build/init/startup.o
                0x0000000000000000                isr_vector
                0x0000000000000078                . = ALIGN (0x4)

.text           0x0000000000000080    0x122bc
                0x0000000000000080                . = ALIGN (0x4)
 *(.text*)
 .text          0x0000000000000080       0xe0 build/init/startup.o
                0x0000000000000080                Reset_Handler
                0x00000000000000c8                prvGetRegistersFromStack
                0x0000000000000104                Default_Handler2
                0x0000000000000120                Default_Handler3
                0x0000000000000124                Default_Handler4
                0x0000000000000128                Default_Handler5
                0x000000000000012c                Default_Handler6
                0x0000000000000130                _start
                0x0000000000000148                exit
 .text          0x0000000000000160       0x64 build/syscall.o
                0x0000000000000160                uart_init
                0x0000000000000170                _fstat
                0x0000000000000174                _read
                0x000000000000017c                _write
                0x0000000000000198                _sbrk
 .text          0x00000000000001c4       0x68 build/main.o
                0x00000000000001c4                vApplicationMallocFailedHook
                0x00000000000001d8                vApplicationStackOverflowHook
                0x00000000000001ec                vApplicationIdleHook
                0x00000000000001f0                vApplicationTickHook
                0x00000000000001f4                vAssertCalled
                0x0000000000000210                vLoggingPrintf
 .text.startup  0x000000000000022c        0xc build/main.o
                0x000000000000022c                main
 *fill*         0x0000000000000238        0x8 
 .text          0x0000000000000240      0x2a8 build//root/fuzz/kernel/FreeRTOS/FreeRTOS/Source/portable/GCC/ARM_CM3/port.o
                0x0000000000000294                pxPortInitialiseStack
                0x00000000000002bc                vPortSVCHandler
                0x00000000000002e4                vPortEndScheduler
                0x00000000000002f8                vPortEnterCritical
                0x000000000000032c                vPortExitCritical
                0x000000000000034c                xPortPendSVHandler
                0x0000000000000394                xPortSysTickHandler
                0x00000000000003c0                vPortSetupTimerInterrupt
                0x00000000000003e8                xPortStartScheduler
                0x00000000000004a4                vPortValidateInterruptPriority
 .text          0x00000000000004e8     0x1358 build//root/fuzz/kernel/FreeRTOS/FreeRTOS/Source/tasks.o
                0x000000000000068c                xTaskCreate
                0x0000000000000890                vTaskStartScheduler
                0x0000000000000a28                vTaskEndScheduler
                0x0000000000000a48                vTaskSuspendAll
                0x0000000000000a5c                xTaskResumeAll
                0x0000000000000bc8                xTaskDelayUntil
                0x0000000000000c40                vTaskDelay
                0x0000000000000c88                xTaskGetTickCount
                0x0000000000000c94                xTaskGetTickCountFromISR
                0x0000000000000ca4                uxTaskGetNumberOfTasks
                0x0000000000000cb0                pcTaskGetName
                0x0000000000000cd4                xTaskCatchUpTicks
                0x0000000000000d08                xTaskIncrementTick
                0x0000000000000d24                vTaskSwitchContext
                0x0000000000000d84                vTaskPlaceOnEventList
                0x0000000000000df0                vTaskPlaceOnUnorderedEventList
                0x0000000000000e88                xTaskRemoveFromEventList
                0x0000000000000f54                vTaskRemoveFromUnorderedEventList
                0x0000000000001010                vTaskSetTimeOutState
                0x0000000000001038                vTaskInternalSetTimeOutState
                0x0000000000001048                xTaskCheckForTimeOut
                0x00000000000010a8                vTaskMissedYield
                0x00000000000010b8                xTaskGetCurrentTaskHandle
                0x00000000000010c4                xTaskPriorityInherit
                0x0000000000001178                xTaskPriorityDisinherit
                0x000000000000121c                vTaskPriorityDisinheritAfterTimeout
                0x00000000000012d0                uxTaskResetEventItemValue
                0x00000000000012e8                pvTaskIncrementMutexHeldCount
                0x0000000000001300                ulTaskGenericNotifyTake
                0x000000000000138c                xTaskGenericNotifyWait
                0x000000000000143c                xTaskGenericNotify
                0x0000000000001564                xTaskGenericNotifyFromISR
                0x00000000000016c0                vTaskGenericNotifyGiveFromISR
                0x00000000000017d4                xTaskGenericNotifyStateClear
                0x0000000000001810                ulTaskGenericNotifyValueClear
 .text          0x0000000000001840       0x90 build//root/fuzz/kernel/FreeRTOS/FreeRTOS/Source/list.o
                0x0000000000001840                vListInitialise
                0x0000000000001858                vListInitialiseItem
                0x0000000000001860                vListInsertEnd
                0x000000000000187c                vListInsert
                0x00000000000018ac                uxListRemove
 .text          0x00000000000018d0     0x125c build//root/fuzz/kernel/FreeRTOS/FreeRTOS/Source/queue.o
                0x00000000000018d0                xQueueGenericReset
                0x0000000000001958                xQueueGenericCreate
                0x00000000000019d4                xQueueCreateCountingSemaphore
                0x0000000000001a3c                xQueueGenericSend
                0x0000000000001dd0                xQueueCreateMutex
                0x0000000000001e38                xQueueGiveMutexRecursive
                0x0000000000001e6c                xQueueGenericSendFromISR
                0x0000000000001fc4                xQueueGiveFromISR
                0x0000000000002060                xQueueReceive
                0x0000000000002330                xQueueSemaphoreTake
                0x0000000000002658                xQueueTakeMutexRecursive
                0x000000000000268c                xQueuePeek
                0x0000000000002958                xQueueReceiveFromISR
                0x0000000000002a0c                xQueuePeekFromISR
                0x0000000000002a78                uxQueueMessagesWaiting
                0x0000000000002aa0                uxQueueSpacesAvailable
                0x0000000000002ac0                uxQueueMessagesWaitingFromISR
                0x0000000000002ad4                vQueueDelete
                0x0000000000002af0                xQueueIsQueueEmptyFromISR
                0x0000000000002b10                xQueueIsQueueFullFromISR
 .text          0x0000000000002b2c        0x0 build//root/fuzz/kernel/FreeRTOS/FreeRTOS/Source/timers.o
 .text          0x0000000000002b2c      0x324 build//root/fuzz/kernel/FreeRTOS/FreeRTOS/Source/event_groups.o
                0x0000000000002b2c                xEventGroupCreate
                0x0000000000002b48                xEventGroupWaitBits
                0x0000000000002c48                xEventGroupClearBits
                0x0000000000002c78                xEventGroupGetBitsFromISR
                0x0000000000002c94                xEventGroupSetBits
                0x0000000000002d08                xEventGroupSync
                0x0000000000002dc0                vEventGroupDelete
                0x0000000000002e1c                vEventGroupSetBitsCallback
                0x0000000000002e20                vEventGroupClearBitsCallback
 .text          0x0000000000002e50       0x3c build//root/fuzz/kernel/FreeRTOS/FreeRTOS/Source/portable/MemMang/heap_3.o
                0x0000000000002e50                pvPortMalloc
                0x0000000000002e70                vPortFree
 .text          0x0000000000002e8c      0x28c build/main_networking.o
                0x0000000000002e8c                main_tcp_echo_client_tasks
                0x0000000000002f9c                vApplicationIPNetworkEventHook
                0x0000000000003088                uxRand
                0x00000000000030a4                pcApplicationHostnameHook
                0x00000000000030ac                xApplicationDNSQueryHook
                0x00000000000030d4                ulApplicationGetNextSequenceNumber
                0x00000000000030f0                xApplicationGetRandomNumber
 .text          0x0000000000003118      0xeb4 build//root/fuzz/kernel/FreeRTOS/FreeRTOS-Plus/Source/FreeRTOS-Plus-TCP/FreeRTOS_DNS.o
                0x000000000000393c                FreeRTOS_dnsclear
                0x000000000000394c                FreeRTOS_dnslookup
                0x0000000000003a38                FreeRTOS_gethostbyname
                0x0000000000003ca0                ulDNSHandlePacket
                0x0000000000003cc0                ulNBNSHandlePacket
 .text          0x0000000000003fcc        0x0 build//root/fuzz/kernel/FreeRTOS/FreeRTOS-Plus/Source/FreeRTOS-Plus-TCP/FreeRTOS_DHCP.o
 .text          0x0000000000003fcc      0xac4 build//root/fuzz/kernel/FreeRTOS/FreeRTOS-Plus/Source/FreeRTOS-Plus-TCP/FreeRTOS_ARP.o
                0x0000000000004330                eARPProcessPacket
                0x00000000000043e8                vARPRefreshCacheEntry
                0x0000000000004404                eARPGetCacheEntry
                0x00000000000044e0                vARPSendGratuitous
                0x00000000000044f0                FreeRTOS_OutputARPRequest
                0x00000000000045a0                vARPAgeCache
                0x00000000000046c4                xARPWaitResolution
                0x0000000000004774                vARPGenerateRequestPacket
                0x00000000000047ec                FreeRTOS_ClearARP
                0x00000000000047fc                xCheckLoopback
                0x0000000000004880                FreeRTOS_PrintARPCache
 .text          0x0000000000004a90     0x105c build//root/fuzz/kernel/FreeRTOS/FreeRTOS-Plus/Source/FreeRTOS-Plus-TCP/FreeRTOS_TCP_WIN.o
                0x0000000000004a90                xSequenceLessThan
                0x0000000000004a98                xSequenceGreaterThan
                0x0000000000004aa0                xTCPWindowRxEmpty
                0x0000000000004af0                vTCPWindowDestroy
                0x0000000000004ba8                vTCPWindowCreate
                0x0000000000004d00                vTCPWindowInit
                0x0000000000004d4c                vTCPSegmentCleanup
                0x0000000000004d64                lTCPWindowRxCheck
                0x000000000000514c                lTCPWindowTxAdd
                0x0000000000005390                xTCPWindowTxDone
                0x000000000000539c                xTCPWindowTxHasData
                0x000000000000542c                ulTCPWindowTxGet
                0x000000000000567c                ulTCPWindowTxAck
                0x000000000000583c                ulTCPWindowTxSack
 .text          0x0000000000005aec      0x24c build//root/fuzz/kernel/FreeRTOS/FreeRTOS-Plus/Source/FreeRTOS-Plus-TCP/FreeRTOS_Stream_Buffer.o
                0x0000000000005aec                uxStreamBufferSpace
                0x0000000000005afc                uxStreamBufferDistance
                0x0000000000005b08                uxStreamBufferGetSpace
                0x0000000000005b1c                uxStreamBufferFrontSpace
                0x0000000000005b30                uxStreamBufferGetSize
                0x0000000000005b44                uxStreamBufferMidSpace
                0x0000000000005b58                vStreamBufferClear
                0x0000000000005b64                vStreamBufferMoveMid
                0x0000000000005b8c                xStreamBufferLessThenEqual
                0x0000000000005bac                uxStreamBufferGetPtr
                0x0000000000005bd0                uxStreamBufferAdd
                0x0000000000005ca8                uxStreamBufferGet
 .text          0x0000000000005d38      0x220 build//root/fuzz/kernel/FreeRTOS/FreeRTOS-Plus/Source/FreeRTOS-Plus-TCP/portable/BufferManagement/BufferAllocation_2.o
                0x0000000000005d38                xNetworkBuffersInitialise
                0x0000000000005dac                pucGetNetworkBuffer
                0x0000000000005de4                vReleaseNetworkBuffer
                0x0000000000005df0                pxGetNetworkBufferWithDescriptor
                0x0000000000005e9c                vReleaseNetworkBufferAndDescriptor
                0x0000000000005ee4                uxGetNumberOfFreeNetworkBuffers
                0x0000000000005ef0                uxGetMinimumFreeNetworkBuffers
                0x0000000000005efc                pxResizeNetworkBufferWithDescriptor
 .text          0x0000000000005f58     0x12fc build//root/fuzz/kernel/FreeRTOS/FreeRTOS-Plus/Source/FreeRTOS-Plus-TCP/FreeRTOS_IP.o
                0x0000000000005f58                xIsCallingFromIPTask
                0x0000000000005f70                FreeRTOS_GetIPTaskHandle
                0x0000000000005f7c                FreeRTOS_NetworkDown
                0x0000000000005fd4                FreeRTOS_NetworkDownFromISR
                0x0000000000006004                FreeRTOS_GetUDPPayloadBuffer
                0x0000000000006028                pxDuplicateNetworkBufferWithDescriptor
                0x0000000000006054                pxUDPPayloadBuffer_to_NetworkBuffer
                0x0000000000006064                FreeRTOS_ReleaseUDPPayloadBuffer
                0x0000000000006074                FreeRTOS_IPInit
                0x000000000000619c                FreeRTOS_GetAddressConfiguration
                0x00000000000061e8                FreeRTOS_SetAddressConfiguration
                0x0000000000006234                xSendEventToIPTask
                0x00000000000062b8                xSendEventStructToIPTask
                0x0000000000006a80                eConsiderFrameForProcessing
                0x0000000000006ad0                vIPNetworkUpCalls
                0x0000000000006b04                xIsIPv4Multicast
                0x0000000000006b18                vSetMultiCastIPv4MacAddress
                0x0000000000006b38                usGenerateChecksum
                0x0000000000006c64                usGenerateProtocolChecksum
                0x0000000000006f10                vReturnEthernetFrame
                0x0000000000006f3c                vPrintResourceStats
                0x0000000000006fbc                FreeRTOS_GetIPAddress
                0x0000000000006fc8                FreeRTOS_SetIPAddress
                0x0000000000006fd4                FreeRTOS_GetGatewayAddress
                0x0000000000006fe0                FreeRTOS_GetDNSServerAddress
                0x0000000000006fec                FreeRTOS_GetNetmask
                0x0000000000006ff8                FreeRTOS_UpdateMACAddress
                0x000000000000700c                FreeRTOS_GetMACAddress
                0x0000000000007014                FreeRTOS_SetNetmask
                0x0000000000007020                FreeRTOS_SetGatewayAddress
                0x000000000000702c                xIPIsNetworkTaskReady
                0x0000000000007038                FreeRTOS_IsNetworkUp
                0x0000000000007044                FreeRTOS_strerror_r
                0x00000000000071a4                FreeRTOS_max_int32
                0x00000000000071ac                FreeRTOS_max_uint32
                0x00000000000071b4                FreeRTOS_min_int32
                0x00000000000071bc                FreeRTOS_min_uint32
                0x00000000000071c4                FreeRTOS_round_up
                0x00000000000071d4                FreeRTOS_round_down
                0x00000000000071e0                vCastPointerTo_EthernetHeader_t
                0x00000000000071e4                vCastConstPointerTo_EthernetHeader_t
                0x00000000000071e8                vCastPointerTo_IPHeader_t
                0x00000000000071ec                vCastConstPointerTo_IPHeader_t
                0x00000000000071f0                vCastPointerTo_ICMPHeader_t
                0x00000000000071f4                vCastConstPointerTo_ICMPHeader_t
                0x00000000000071f8                vCastPointerTo_ARPPacket_t
                0x00000000000071fc                vCastConstPointerTo_ARPPacket_t
                0x0000000000007200                vCastPointerTo_IPPacket_t
                0x0000000000007204                vCastConstPointerTo_IPPacket_t
                0x0000000000007208                vCastPointerTo_ICMPPacket_t
                0x000000000000720c                vCastPointerTo_UDPPacket_t
                0x0000000000007210                vCastConstPointerTo_UDPPacket_t
                0x0000000000007214                vCastPointerTo_TCPPacket_t
                0x0000000000007218                vCastConstPointerTo_TCPPacket_t
                0x000000000000721c                vCastPointerTo_ProtocolPacket_t
                0x0000000000007220                vCastConstPointerTo_ProtocolPacket_t
                0x0000000000007224                vCastPointerTo_ProtocolHeaders_t
                0x0000000000007228                vCastConstPointerTo_ProtocolHeaders_t
                0x000000000000722c                vCastPointerTo_FreeRTOS_Socket_t
                0x0000000000007230                vCastConstPointerTo_FreeRTOS_Socket_t
                0x0000000000007234                vCastPointerTo_SocketSelect_t
                0x0000000000007238                vCastConstPointerTo_SocketSelect_t
                0x000000000000723c                vCastPointerTo_SocketSelectMessage_t
                0x0000000000007240                vCastConstPointerTo_SocketSelectMessage_t
                0x0000000000007244                ulChar2u32
                0x000000000000724c                usChar2u16
 .text          0x0000000000007254     0x2ed8 build//root/fuzz/kernel/FreeRTOS/FreeRTOS-Plus/Source/FreeRTOS-Plus-TCP/FreeRTOS_TCP_IP.o
                0x0000000000008028                vSocketCloseNextTime
                0x0000000000008044                xTCPSocketCheck
                0x0000000000008684                vTCPStateChange
                0x0000000000008898                xProcessReceivedTCPPacket
                0x000000000000a0a8                FreeRTOS_GetTCPStateName
                0x000000000000a0bc                xTCPCheckNewClient
 .text          0x000000000000a12c      0x1b0 build//root/fuzz/kernel/FreeRTOS/FreeRTOS-Plus/Source/FreeRTOS-Plus-TCP/FreeRTOS_UDP_IP.o
                0x000000000000a12c                vProcessGeneratedUDPPacket
                0x000000000000a224                xProcessReceivedUDPPacket
 .text          0x000000000000a2dc     0x212c build//root/fuzz/kernel/FreeRTOS/FreeRTOS-Plus/Source/FreeRTOS-Plus-TCP/FreeRTOS_Sockets.o
                0x000000000000a3c4                vNetworkSocketsInit
                0x000000000000a3e0                FreeRTOS_socket
                0x000000000000a510                FreeRTOS_CreateSocketSet
                0x000000000000a53c                FreeRTOS_DeleteSocketSet
                0x000000000000a588                FreeRTOS_FD_SET
                0x000000000000a614                FreeRTOS_FD_CLR
                0x000000000000a648                FreeRTOS_FD_ISSET
                0x000000000000a670                FreeRTOS_select
                0x000000000000a714                FreeRTOS_recvfrom
                0x000000000000a7e8                FreeRTOS_bind
                0x000000000000a898                FreeRTOS_sendto
                0x000000000000a974                vSocketBind
                0x000000000000aad4                FreeRTOS_closesocket
                0x000000000000ab30                vSocketClose
                0x000000000000acb0                FreeRTOS_setsockopt
                0x000000000000afd8                pxUDPSocketLookup
                0x000000000000b01c                FreeRTOS_inet_ntoa
                0x000000000000b220                FreeRTOS_inet_ntop
                0x000000000000b43c                FreeRTOS_inet_ntop4
                0x000000000000b64c                FreeRTOS_inet_pton4
                0x000000000000b6c8                FreeRTOS_inet_pton
                0x000000000000b6dc                FreeRTOS_inet_addr
                0x000000000000b6f4                FreeRTOS_GetLocalAddress
                0x000000000000b70c                vSocketWakeUpUser
                0x000000000000b74c                FreeRTOS_connect
                0x000000000000b880                FreeRTOS_accept
                0x000000000000b978                FreeRTOS_recv
                0x000000000000baf0                FreeRTOS_get_tx_head
                0x000000000000bb30                FreeRTOS_send
                0x000000000000bcf4                FreeRTOS_listen
                0x000000000000bd78                FreeRTOS_shutdown
                0x000000000000bdc4                xTCPTimerCheck
                0x000000000000be88                pxTCPSocketLookup
                0x000000000000bee0                FreeRTOS_get_rx_buf
                0x000000000000bef8                lTCPAddRxdata
                0x000000000000bfcc                FreeRTOS_GetRemoteAddress
                0x000000000000bff4                FreeRTOS_maywrite
                0x000000000000c028                FreeRTOS_tx_space
                0x000000000000c044                FreeRTOS_tx_size
                0x000000000000c05c                FreeRTOS_issocketconnected
                0x000000000000c07c                FreeRTOS_mss
                0x000000000000c090                FreeRTOS_connstatus
                0x000000000000c0a4                FreeRTOS_rx_size
                0x000000000000c0bc                xSocketValid
                0x000000000000c0c8                FreeRTOS_netstat
                0x000000000000c0e8                vTCPNetStat
                0x000000000000c294                vSocketSelect
 .text          0x000000000000c408      0x37c build//root/fuzz/kernel/FreeRTOS/FreeRTOS-Plus/Source/FreeRTOS-Plus-TCP/portable/NetworkInterface/MPS2_AN385/NetworkInterface.o
                0x000000000000c4ac                EthernetISR
                0x000000000000c510                xNetworkInterfaceInitialise
                0x000000000000c6b0                xNetworkInterfaceOutput
                0x000000000000c750                vNetworkInterfaceAllocateRAMToBuffers
                0x000000000000c764                xGetPhyLinkStatus
 .text          0x000000000000c784      0x26c build/TCPEchoClient_SingleTasks.o
                0x000000000000c99c                vStartTCPEchoClientTasks_SingleTasks
                0x000000000000c9c0                xAreSingleTaskTCPEchoClientsStillRunning
 .text          0x000000000000c9f0      0xd30 build//root/fuzz/kernel/FreeRTOS/FreeRTOS-Plus/Source/FreeRTOS-Plus-TCP/portable/NetworkInterface/MPS2_AN385/ether_lan9118/smsc9220_eth_drv.o
                0x000000000000c9f0                smsc9220_mac_regread
                0x000000000000ca48                smsc9220_mac_regwrite
                0x000000000000caa4                smsc9220_phy_regread
                0x000000000000cbe0                smsc9220_phy_regwrite
                0x000000000000cd20                smsc9220_read_id
                0x000000000000cd28                smsc9220_soft_reset
                0x000000000000cd5c                smsc9220_set_txfifo
                0x000000000000cd6c                smsc9220_set_fifo_level_irq
                0x000000000000cd94                smsc9220_wait_eeprom
                0x000000000000cdbc                smsc9220_init_irqs
                0x000000000000cdec                smsc9220_check_phy
                0x000000000000ce2c                smsc9220_reset_phy
                0x000000000000ce5c                smsc9220_advertise_cap
                0x000000000000ce84                smsc9220_enable_xmit
                0x000000000000ce94                smsc9220_disable_xmit
                0x000000000000cea4                smsc9220_enable_mac_xmit
                0x000000000000cf38                smsc9220_disable_mac_xmit
                0x000000000000cfcc                smsc9220_enable_mac_recv
                0x000000000000d060                smsc9220_disable_mac_recv
                0x000000000000d0f4                smsc9220_check_id
                0x000000000000d108                smsc9220_enable_interrupt
                0x000000000000d118                smsc9220_disable_interrupt
                0x000000000000d12c                smsc9220_disable_all_interrupts
                0x000000000000d138                smsc9220_clear_interrupt
                0x000000000000d148                get_irq_status
                0x000000000000d150                smsc9220_clear_all_interrupts
                0x000000000000d15c                smsc9220_get_interrupt
                0x000000000000d170                smsc9220_establish_link
                0x000000000000d1a4                smsc9220_read_mac_address
                0x000000000000d250                smsc9220_get_tx_data_fifo_size
                0x000000000000d264                smsc9220_init
                0x000000000000d57c                smsc9220_send_by_chunks
                0x000000000000d680                smsc9220_get_rxfifo_data_used_space
                0x000000000000d68c                smsc9220_receive_by_chunks
                0x000000000000d6f4                smsc9220_peek_next_packet_size
 .text          0x000000000000d720       0x20 /usr/lib/gcc/arm-none-eabi/9.2.1/../../../arm-none-eabi/lib/thumb/v7-m/nofp/libc_nano.a(lib_a-malloc.o)
                0x000000000000d720                malloc
                0x000000000000d730                free
 .text          0x000000000000d740       0x5c /usr/lib/gcc/arm-none-eabi/9.2.1/../../../arm-none-eabi/lib/thumb/v7-m/nofp/libc_nano.a(lib_a-memcmp.o)
                0x000000000000d740                memcmp
 .text          0x000000000000d79c       0xec /usr/lib/gcc/arm-none-eabi/9.2.1/../../../arm-none-eabi/lib/thumb/v7-m/nofp/libc_nano.a(lib_a-memcpy.o)
                0x000000000000d79c                memcpy
 .text          0x000000000000d888       0xd4 /usr/lib/gcc/arm-none-eabi/9.2.1/../../../arm-none-eabi/lib/thumb/v7-m/nofp/libc_nano.a(lib_a-memmove.o)
                0x000000000000d888                memmove
 .text          0x000000000000d95c       0xa0 /usr/lib/gcc/arm-none-eabi/9.2.1/../../../arm-none-eabi/lib/thumb/v7-m/nofp/libc_nano.a(lib_a-memset.o)
                0x000000000000d95c                memset
 .text          0x000000000000d9fc       0xbc /usr/lib/gcc/arm-none-eabi/9.2.1/../../../arm-none-eabi/lib/thumb/v7-m/nofp/libc_nano.a(lib_a-nano-freer.o)
                0x000000000000d9fc                _free_r
 .text          0x000000000000dab8       0xb4 /usr/lib/gcc/arm-none-eabi/9.2.1/../../../arm-none-eabi/lib/thumb/v7-m/nofp/libc_nano.a(lib_a-nano-mallocr.o)
                0x000000000000dab8                _malloc_r
 .text          0x000000000000db6c       0x60 /usr/lib/gcc/arm-none-eabi/9.2.1/../../../arm-none-eabi/lib/thumb/v7-m/nofp/libc_nano.a(lib_a-printf.o)
                0x000000000000db6c                _printf_r
                0x000000000000db6c                _iprintf_r
                0x000000000000db98                printf
                0x000000000000db98                iprintf
 .text          0x000000000000dbcc       0xe0 /usr/lib/gcc/arm-none-eabi/9.2.1/../../../arm-none-eabi/lib/thumb/v7-m/nofp/libc_nano.a(lib_a-puts.o)
                0x000000000000dbcc                _puts_r
                0x000000000000dc9c                puts
 .text          0x000000000000dcac       0x24 /usr/lib/gcc/arm-none-eabi/9.2.1/../../../arm-none-eabi/lib/thumb/v7-m/nofp/libc_nano.a(lib_a-sbrkr.o)
                0x000000000000dcac                _sbrk_r
 .text          0x000000000000dcd0      0x100 /usr/lib/gcc/arm-none-eabi/9.2.1/../../../arm-none-eabi/lib/thumb/v7-m/nofp/libc_nano.a(lib_a-snprintf.o)
                0x000000000000dcd0                _sniprintf_r
                0x000000000000dcd0                _snprintf_r
                0x000000000000dd4c                snprintf
                0x000000000000dd4c                sniprintf
 .text          0x000000000000ddd0       0x7c /usr/lib/gcc/arm-none-eabi/9.2.1/../../../arm-none-eabi/lib/thumb/v7-m/nofp/libc_nano.a(lib_a-sprintf.o)
                0x000000000000ddd0                _siprintf_r
                0x000000000000ddd0                _sprintf_r
                0x000000000000de08                sprintf
                0x000000000000de08                siprintf
 .text          0x000000000000de4c       0x44 /usr/lib/gcc/arm-none-eabi/9.2.1/../../../arm-none-eabi/lib/thumb/v7-m/nofp/libc_nano.a(lib_a-strcasecmp.o)
                0x000000000000de4c                strcasecmp
 .text          0x000000000000de90      0x1bc /usr/lib/gcc/arm-none-eabi/9.2.1/../../../arm-none-eabi/lib/thumb/v7-m/nofp/libc_nano.a(lib_a-strcmp.o)
                0x000000000000de90                strcmp
 .text          0x000000000000e04c       0xbc /usr/lib/gcc/arm-none-eabi/9.2.1/../../../arm-none-eabi/lib/thumb/v7-m/nofp/libc_nano.a(lib_a-strcpy.o)
                0x000000000000e04c                strcpy
 .text          0x000000000000e108       0x5c /usr/lib/gcc/arm-none-eabi/9.2.1/../../../arm-none-eabi/lib/thumb/v7-m/nofp/libc_nano.a(lib_a-strlen-stub.o)
                0x000000000000e108                strlen
 .text          0x000000000000e164       0x7c /usr/lib/gcc/arm-none-eabi/9.2.1/../../../arm-none-eabi/lib/thumb/v7-m/nofp/libc_nano.a(lib_a-strncmp.o)
                0x000000000000e164                strncmp
 .text          0x000000000000e1e0       0x34 /usr/lib/gcc/arm-none-eabi/9.2.1/../../../arm-none-eabi/lib/thumb/v7-m/nofp/libc_nano.a(lib_a-time.o)
                0x000000000000e1e0                time
 .text          0x000000000000e214       0x50 /usr/lib/gcc/arm-none-eabi/9.2.1/../../../arm-none-eabi/lib/thumb/v7-m/nofp/libc_nano.a(lib_a-vprintf.o)
                0x000000000000e214                vprintf
                0x000000000000e214                viprintf
                0x000000000000e240                _viprintf_r
                0x000000000000e240                _vprintf_r
 .text          0x000000000000e264       0xc0 /usr/lib/gcc/arm-none-eabi/9.2.1/../../../arm-none-eabi/lib/thumb/v7-m/nofp/libc_nano.a(lib_a-wbuf.o)
                0x000000000000e264                __swbuf_r
                0x000000000000e314                __swbuf
 .text          0x000000000000e324      0x104 /usr/lib/gcc/arm-none-eabi/9.2.1/../../../arm-none-eabi/lib/thumb/v7-m/nofp/libc_nano.a(lib_a-wsetup.o)
                0x000000000000e324                __swsetup_r
 .text          0x000000000000e428        0x0 /usr/lib/gcc/arm-none-eabi/9.2.1/../../../arm-none-eabi/lib/thumb/v7-m/nofp/libc_nano.a(lib_a-ctype_.o)
 .text          0x000000000000e428      0x18c /usr/lib/gcc/arm-none-eabi/9.2.1/../../../arm-none-eabi/lib/thumb/v7-m/nofp/libc_nano.a(lib_a-fflush.o)
                0x000000000000e428                __sflush_r
                0x000000000000e53c                _fflush_r
                0x000000000000e590                fflush
 .text          0x000000000000e5b4      0x214 /usr/lib/gcc/arm-none-eabi/9.2.1/../../../arm-none-eabi/lib/thumb/v7-m/nofp/libc_nano.a(lib_a-findfp.o)
                0x000000000000e5b8                _cleanup_r
                0x000000000000e5c8                __sfmoreglue
                0x000000000000e5f8                __sfp
                0x000000000000e774                _cleanup
                0x000000000000e788                __sinit
                0x000000000000e790                __sfp_lock_acquire
                0x000000000000e794                __sfp_lock_release
                0x000000000000e798                __sinit_lock_acquire
                0x000000000000e79c                __sinit_lock_release
                0x000000000000e7a0                __fp_lock_all
                0x000000000000e7b4                __fp_unlock_all
 .text          0x000000000000e7c8       0x88 /usr/lib/gcc/arm-none-eabi/9.2.1/../../../arm-none-eabi/lib/thumb/v7-m/nofp/libc_nano.a(lib_a-fwalk.o)
                0x000000000000e7c8                _fwalk
                0x000000000000e808                _fwalk_reent
 .text          0x000000000000e850       0x2c /usr/lib/gcc/arm-none-eabi/9.2.1/../../../arm-none-eabi/lib/thumb/v7-m/nofp/libc_nano.a(lib_a-gettimeofdayr.o)
                0x000000000000e850                _gettimeofday_r
 .text          0x000000000000e87c        0x0 /usr/lib/gcc/arm-none-eabi/9.2.1/../../../arm-none-eabi/lib/thumb/v7-m/nofp/libc_nano.a(lib_a-impure.o)
 .text          0x000000000000e87c       0xf0 /usr/lib/gcc/arm-none-eabi/9.2.1/../../../arm-none-eabi/lib/thumb/v7-m/nofp/libc_nano.a(lib_a-makebuf.o)
                0x000000000000e87c                __swhatbuf_r
                0x000000000000e8d8                __smakebuf_r
 .text          0x000000000000e96c        0x8 /usr/lib/gcc/arm-none-eabi/9.2.1/../../../arm-none-eabi/lib/thumb/v7-m/nofp/libc_nano.a(lib_a-mlock.o)
                0x000000000000e96c                __malloc_lock
                0x000000000000e970                __malloc_unlock
 .text          0x000000000000e974      0x400 /usr/lib/gcc/arm-none-eabi/9.2.1/../../../arm-none-eabi/lib/thumb/v7-m/nofp/libc_nano.a(lib_a-nano-svfprintf.o)
                0x000000000000e974                __ssputs_r
                0x000000000000ea38                __ssprint_r
                0x000000000000eb30                _svfprintf_r
                0x000000000000eb30                _svfiprintf_r
 .text          0x000000000000ed74      0x328 /usr/lib/gcc/arm-none-eabi/9.2.1/../../../arm-none-eabi/lib/thumb/v7-m/nofp/libc_nano.a(lib_a-nano-vfprintf.o)
                0x000000000000edac                __sfputs_r
                0x000000000000eddc                __sprint_r
                0x000000000000edf8                _vfiprintf_r
                0x000000000000edf8                _vfprintf_r
                0x000000000000f084                vfiprintf
                0x000000000000f084                vfprintf
 .text          0x000000000000f09c      0x408 /usr/lib/gcc/arm-none-eabi/9.2.1/../../../arm-none-eabi/lib/thumb/v7-m/nofp/libc_nano.a(lib_a-nano-vfprintf_i.o)
                0x000000000000f09c                _printf_common
                0x000000000000f1c8                _printf_i
 .text          0x000000000000f4a4       0xe8 /usr/lib/gcc/arm-none-eabi/9.2.1/../../../arm-none-eabi/lib/thumb/v7-m/nofp/libc_nano.a(lib_a-reent.o)
                0x000000000000f4a4                cleanup_glue
                0x000000000000f4c0                _reclaim_reent
 .text          0x000000000000f58c       0x90 /usr/lib/gcc/arm-none-eabi/9.2.1/../../../arm-none-eabi/lib/thumb/v7-m/nofp/libc_nano.a(lib_a-stdio.o)
                0x000000000000f58c                __sread
                0x000000000000f5b0                __seofread
                0x000000000000f5b4                __swrite
                0x000000000000f5f4                __sseek
                0x000000000000f614                __sclose
 .text          0x000000000000f61c       0x2c /usr/lib/gcc/arm-none-eabi/9.2.1/../../../arm-none-eabi/lib/thumb/v7-m/nofp/libc_nano.a(lib_a-writer.o)
                0x000000000000f61c                _write_r
 .text          0x000000000000f648       0x24 /usr/lib/gcc/arm-none-eabi/9.2.1/../../../arm-none-eabi/lib/thumb/v7-m/nofp/libc_nano.a(lib_a-closer.o)
                0x000000000000f648                _close_r
 .text          0x000000000000f66c       0x2c /usr/lib/gcc/arm-none-eabi/9.2.1/../../../arm-none-eabi/lib/thumb/v7-m/nofp/libc_nano.a(lib_a-fstatr.o)
                0x000000000000f66c                _fstat_r
 .text          0x000000000000f698      0x2ec /usr/lib/gcc/arm-none-eabi/9.2.1/../../../arm-none-eabi/lib/thumb/v7-m/nofp/libc_nano.a(lib_a-fvwrite.o)
                0x000000000000f698                __sfvwrite_r
 .text          0x000000000000f984       0x24 /usr/lib/gcc/arm-none-eabi/9.2.1/../../../arm-none-eabi/lib/thumb/v7-m/nofp/libc_nano.a(lib_a-isattyr.o)
                0x000000000000f984                _isatty_r
 .text          0x000000000000f9a8       0x2c /usr/lib/gcc/arm-none-eabi/9.2.1/../../../arm-none-eabi/lib/thumb/v7-m/nofp/libc_nano.a(lib_a-lseekr.o)
                0x000000000000f9a8                _lseek_r
 .text          0x000000000000f9d4       0x80 /usr/lib/gcc/arm-none-eabi/9.2.1/../../../arm-none-eabi/lib/thumb/v7-m/nofp/libc_nano.a(lib_a-memchr-stub.o)
                0x000000000000f9d4                memchr
 .text          0x000000000000fa54       0x50 /usr/lib/gcc/arm-none-eabi/9.2.1/../../../arm-none-eabi/lib/thumb/v7-m/nofp/libc_nano.a(lib_a-nano-reallocr.o)
                0x000000000000fa54                _realloc_r
 .text          0x000000000000faa4       0x2c /usr/lib/gcc/arm-none-eabi/9.2.1/../../../arm-none-eabi/lib/thumb/v7-m/nofp/libc_nano.a(lib_a-readr.o)
                0x000000000000faa4                _read_r
 .text          0x000000000000fad0       0x14 /usr/lib/gcc/arm-none-eabi/9.2.1/../../../arm-none-eabi/lib/thumb/v7-m/nofp/libc_nano.a(lib_a-nano-msizer.o)
                0x000000000000fad0                _malloc_usable_size_r
 .text          0x000000000000fae4       0x64 /usr/lib/gcc/arm-none-eabi/9.2.1/../../../arm-none-eabi/lib/thumb/v7-m/nofp/librdimon_nano.a(rdimon-libcfunc.o)
                0x000000000000fae4                alarm
                0x000000000000fae8                clock
                0x000000000000faec                isatty
                0x000000000000faf0                pause
                0x000000000000fb04                sleep
                0x000000000000fb24                usleep
 .text          0x000000000000fb48      0x808 /usr/lib/gcc/arm-none-eabi/9.2.1/../../../arm-none-eabi/lib/thumb/v7-m/nofp/librdimon_nano.a(rdimon-syscalls.o)
                0x000000000000fb9c                _swiread
                0x000000000000fc18                _swilseek
                0x000000000000fcb4                _lseek
                0x000000000000fcb8                _swiwrite
                0x000000000000fd58                _swiclose
                0x000000000000fd7c                _close
                0x000000000000fde4                _getpid
                0x000000000000fe3c                _swistat
                0x000000000000fea4                _stat
                0x000000000000fee0                _swiopen
                0x000000000000ffac                _open
                0x000000000000ffc0                _get_semihosting_exts
                0x00000000000100bc                _has_ext_exit_extended
                0x00000000000100d4                _has_ext_stdout_stderr
                0x00000000000100ec                initialise_monitor_handles
                0x00000000000101d8                _link
                0x00000000000101ec                _unlink
                0x0000000000010228                _gettimeofday
                0x0000000000010254                _clock
                0x0000000000010268                _times
                0x0000000000010288                _isatty
                0x00000000000102c8                _system
                0x0000000000010310                _rename
 .text          0x0000000000010350        0xc /usr/lib/gcc/arm-none-eabi/9.2.1/../../../arm-none-eabi/lib/thumb/v7-m/nofp/libc_nano.a(lib_a-errno.o)
                0x0000000000010350                __errno
 *(.init)
 *(.fini)
 *(.eh_frame)
 *(.rodata*)
 .rodata.str1.4
                0x000000000001035c      0x14a build/main_networking.o
 *fill*         0x00000000000104a6        0x2 
 .rodata        0x00000000000104a8       0x6b build/main_networking.o
                0x00000000000104ec                ucMACAddress
 *fill*         0x0000000000010513        0x1 
 .rodata.str1.4
                0x0000000000010514       0xdc build//root/fuzz/kernel/FreeRTOS/FreeRTOS-Plus/Source/FreeRTOS-Plus-TCP/FreeRTOS_DNS.o
                                         0xec (size before relaxing)
 .rodata        0x00000000000105f0       0x4e build//root/fuzz/kernel/FreeRTOS/FreeRTOS-Plus/Source/FreeRTOS-Plus-TCP/FreeRTOS_DNS.o
                0x0000000000010638                xLLMNR_MacAdress
 *fill*         0x000000000001063e        0x2 
 .rodata.str1.4
                0x0000000000010640       0x81 build//root/fuzz/kernel/FreeRTOS/FreeRTOS-Plus/Source/FreeRTOS-Plus-TCP/FreeRTOS_ARP.o
                                         0x8d (size before relaxing)
 *fill*         0x00000000000106c1        0x3 
 .rodata        0x00000000000106c4       0x4f build//root/fuzz/kernel/FreeRTOS/FreeRTOS-Plus/Source/FreeRTOS-Plus-TCP/FreeRTOS_ARP.o
 *fill*         0x0000000000010713        0x1 
 .rodata.str1.4
                0x0000000000010714      0x53b build//root/fuzz/kernel/FreeRTOS/FreeRTOS-Plus/Source/FreeRTOS-Plus-TCP/FreeRTOS_TCP_WIN.o
                                        0x547 (size before relaxing)
 *fill*         0x0000000000010c4f        0x1 
 .rodata        0x0000000000010c50       0xde build//root/fuzz/kernel/FreeRTOS/FreeRTOS-Plus/Source/FreeRTOS-Plus-TCP/FreeRTOS_TCP_WIN.o
 *fill*         0x0000000000010d2e        0x2 
 .rodata        0x0000000000010d30        0x4 build//root/fuzz/kernel/FreeRTOS/FreeRTOS-Plus/Source/FreeRTOS-Plus-TCP/portable/BufferManagement/BufferAllocation_2.o
                0x0000000000010d30                xBufferAllocFixedSize
 .rodata.str1.4
                0x0000000000010d34      0x30b build//root/fuzz/kernel/FreeRTOS/FreeRTOS-Plus/Source/FreeRTOS-Plus-TCP/FreeRTOS_IP.o
                                        0x317 (size before relaxing)
 *fill*         0x000000000001103f        0x1 
 .rodata        0x0000000000011040       0xa8 build//root/fuzz/kernel/FreeRTOS/FreeRTOS-Plus/Source/FreeRTOS-Plus-TCP/FreeRTOS_IP.o
                0x00000000000110b0                xBroadcastMACAddress
 .rodata.str1.4
                0x00000000000110e8      0x765 build//root/fuzz/kernel/FreeRTOS/FreeRTOS-Plus/Source/FreeRTOS-Plus-TCP/FreeRTOS_TCP_IP.o
                                        0x775 (size before relaxing)
 *fill*         0x000000000001184d        0x3 
 .rodata        0x0000000000011850      0x1ff build//root/fuzz/kernel/FreeRTOS/FreeRTOS-Plus/Source/FreeRTOS-Plus-TCP/FreeRTOS_TCP_IP.o
 *fill*         0x0000000000011a4f        0x1 
 .rodata.str1.4
                0x0000000000011a50      0x448 build//root/fuzz/kernel/FreeRTOS/FreeRTOS-Plus/Source/FreeRTOS-Plus-TCP/FreeRTOS_Sockets.o
                                        0x45c (size before relaxing)
 .rodata        0x0000000000011e98      0x110 build//root/fuzz/kernel/FreeRTOS/FreeRTOS-Plus/Source/FreeRTOS-Plus-TCP/FreeRTOS_Sockets.o
 .rodata.str1.4
                0x0000000000011fa8       0x76 build//root/fuzz/kernel/FreeRTOS/FreeRTOS-Plus/Source/FreeRTOS-Plus-TCP/portable/NetworkInterface/MPS2_AN385/NetworkInterface.o
                                         0x82 (size before relaxing)
 *fill*         0x000000000001201e        0x2 
 .rodata        0x0000000000012020       0x54 build//root/fuzz/kernel/FreeRTOS/FreeRTOS-Plus/Source/FreeRTOS-Plus-TCP/portable/NetworkInterface/MPS2_AN385/NetworkInterface.o
 .rodata.str1.4
                0x0000000000012074       0xfe build/TCPEchoClient_SingleTasks.o
 *fill*         0x0000000000012172        0x2 
 .rodata        0x0000000000012174        0x8 build/TCPEchoClient_SingleTasks.o
 .rodata        0x000000000001217c      0x101 /usr/lib/gcc/arm-none-eabi/9.2.1/../../../arm-none-eabi/lib/thumb/v7-m/nofp/libc_nano.a(lib_a-ctype_.o)
                0x000000000001217c                _ctype_
 *fill*         0x000000000001227d        0x3 
 .rodata        0x0000000000012280       0x60 /usr/lib/gcc/arm-none-eabi/9.2.1/../../../arm-none-eabi/lib/thumb/v7-m/nofp/libc_nano.a(lib_a-findfp.o)
                0x0000000000012280                __sf_fake_stderr
                0x00000000000122a0                __sf_fake_stdout
                0x00000000000122c0                __sf_fake_stdin
 .rodata        0x00000000000122e0        0x4 /usr/lib/gcc/arm-none-eabi/9.2.1/../../../arm-none-eabi/lib/thumb/v7-m/nofp/libc_nano.a(lib_a-impure.o)
                0x00000000000122e0                _global_impure_ptr
 .rodata.str1.4
                0x00000000000122e4       0x13 /usr/lib/gcc/arm-none-eabi/9.2.1/../../../arm-none-eabi/lib/thumb/v7-m/nofp/libc_nano.a(lib_a-nano-svfprintf.o)
 .rodata.str1.4
                0x00000000000122f7       0x13 /usr/lib/gcc/arm-none-eabi/9.2.1/../../../arm-none-eabi/lib/thumb/v7-m/nofp/libc_nano.a(lib_a-nano-vfprintf.o)
 *fill*         0x00000000000122f7        0x1 
 .rodata.str1.4
                0x00000000000122f8       0x25 /usr/lib/gcc/arm-none-eabi/9.2.1/../../../arm-none-eabi/lib/thumb/v7-m/nofp/libc_nano.a(lib_a-nano-vfprintf_i.o)
 *fill*         0x000000000001231d        0x3 
 .rodata.str1.4
                0x0000000000012320       0x1c /usr/lib/gcc/arm-none-eabi/9.2.1/../../../arm-none-eabi/lib/thumb/v7-m/nofp/librdimon_nano.a(rdimon-syscalls.o)
                0x000000000001233c                . = ALIGN (0x4)
                0x000000000001233c                _etext = .

.glue_7         0x000000000001233c        0x0
 .glue_7        0x000000000001233c        0x0 linker stubs

.glue_7t        0x000000000001233c        0x0
 .glue_7t       0x000000000001233c        0x0 linker stubs

.vfp11_veneer   0x000000000001233c        0x0
 .vfp11_veneer  0x000000000001233c        0x0 linker stubs

.v4_bx          0x000000000001233c        0x0
 .v4_bx         0x000000000001233c        0x0 linker stubs

.iplt           0x000000000001233c        0x0
 .iplt          0x000000000001233c        0x0 build/init/startup.o

.rel.dyn        0x000000000001233c        0x0
 .rel.iplt      0x000000000001233c        0x0 build/init/startup.o

.ARM.extab      0x000000000001233c        0x0
                0x000000000001233c                . = ALIGN (0x4)
 *(.ARM.extab* .gnu.linkonce.armextab.*)
                0x000000000001233c                . = ALIGN (0x4)

.ARM            0x000000000001233c        0x0
                0x000000000001233c                . = ALIGN (0x4)
                0x000000000001233c                __exidx_start = .
 *(.ARM.exidx* .gnu.linkonce.armexidx.*)
                0x000000000001233c                __exidx_end = .
                0x000000000001233c                . = ALIGN (0x4)

.interrupts_ram
                0x0000000020000000      0x100
                0x0000000020000000                . = ALIGN (0x4)
                0x0000000020000000                __VECTOR_RAM__ = .
                0x0000000020000000                __interrupts_ram_start__ = .
                0x0000000020000100                . = (. + M_VECTOR_RAM_SIZE)
 *fill*         0x0000000020000000      0x100 
                0x0000000020000100                . = ALIGN (0x4)
                0x0000000020000100                __interrupts_ram_end = .
                0x000000000001233c                _sidata = LOADADDR (.data)

.data           0x0000000020000100       0x98 load address 0x000000000001233c
                0x0000000020000100                . = ALIGN (0x4)
                0x0000000020000100                _sdata = .
 *(.data*)
 .data          0x0000000020000100        0x0 build/init/startup.o
 .data          0x0000000020000100        0x0 build/syscall.o
 .data          0x0000000020000100        0x0 build/main.o
 .data          0x0000000020000100        0x4 build//root/fuzz/kernel/FreeRTOS/FreeRTOS/Source/portable/GCC/ARM_CM3/port.o
 .data          0x0000000020000104        0x4 build//root/fuzz/kernel/FreeRTOS/FreeRTOS/Source/tasks.o
                0x0000000020000104                uxTopUsedPriority
 .data          0x0000000020000108        0x0 build//root/fuzz/kernel/FreeRTOS/FreeRTOS/Source/list.o
 .data          0x0000000020000108        0x0 build//root/fuzz/kernel/FreeRTOS/FreeRTOS/Source/queue.o
 .data          0x0000000020000108        0x0 build//root/fuzz/kernel/FreeRTOS/FreeRTOS/Source/timers.o
 .data          0x0000000020000108        0x0 build//root/fuzz/kernel/FreeRTOS/FreeRTOS/Source/event_groups.o
 .data          0x0000000020000108        0x0 build//root/fuzz/kernel/FreeRTOS/FreeRTOS/Source/portable/MemMang/heap_3.o
 .data          0x0000000020000108        0x0 build/main_networking.o
 .data          0x0000000020000108        0x0 build//root/fuzz/kernel/FreeRTOS/FreeRTOS-Plus/Source/FreeRTOS-Plus-TCP/FreeRTOS_DNS.o
 .data          0x0000000020000108        0x0 build//root/fuzz/kernel/FreeRTOS/FreeRTOS-Plus/Source/FreeRTOS-Plus-TCP/FreeRTOS_DHCP.o
 .data          0x0000000020000108        0x0 build//root/fuzz/kernel/FreeRTOS/FreeRTOS-Plus/Source/FreeRTOS-Plus-TCP/FreeRTOS_ARP.o
 .data          0x0000000020000108        0x4 build//root/fuzz/kernel/FreeRTOS/FreeRTOS-Plus/Source/FreeRTOS-Plus-TCP/FreeRTOS_TCP_WIN.o
 .data          0x000000002000010c        0x0 build//root/fuzz/kernel/FreeRTOS/FreeRTOS-Plus/Source/FreeRTOS-Plus-TCP/FreeRTOS_Stream_Buffer.o
 .data          0x000000002000010c        0x0 build//root/fuzz/kernel/FreeRTOS/FreeRTOS-Plus/Source/FreeRTOS-Plus-TCP/portable/BufferManagement/BufferAllocation_2.o
 .data          0x000000002000010c        0x4 build//root/fuzz/kernel/FreeRTOS/FreeRTOS-Plus/Source/FreeRTOS-Plus-TCP/FreeRTOS_IP.o
 .data          0x0000000020000110        0x0 build//root/fuzz/kernel/FreeRTOS/FreeRTOS-Plus/Source/FreeRTOS-Plus-TCP/FreeRTOS_TCP_IP.o
 .data          0x0000000020000110       0x18 build//root/fuzz/kernel/FreeRTOS/FreeRTOS-Plus/Source/FreeRTOS-Plus-TCP/FreeRTOS_UDP_IP.o
                0x0000000020000110                xDefaultPartUDPPacketHeader
 .data          0x0000000020000128        0x0 build//root/fuzz/kernel/FreeRTOS/FreeRTOS-Plus/Source/FreeRTOS-Plus-TCP/FreeRTOS_Sockets.o
 .data          0x0000000020000128        0x0 build//root/fuzz/kernel/FreeRTOS/FreeRTOS-Plus/Source/FreeRTOS-Plus-TCP/portable/NetworkInterface/MPS2_AN385/NetworkInterface.o
 .data          0x0000000020000128        0x0 build/TCPEchoClient_SingleTasks.o
 .data          0x0000000020000128        0x0 build//root/fuzz/kernel/FreeRTOS/FreeRTOS-Plus/Source/FreeRTOS-Plus-TCP/portable/NetworkInterface/MPS2_AN385/ether_lan9118/smsc9220_eth_drv.o
 .data          0x0000000020000128        0x0 /usr/lib/gcc/arm-none-eabi/9.2.1/../../../arm-none-eabi/lib/thumb/v7-m/nofp/libc_nano.a(lib_a-malloc.o)
 .data          0x0000000020000128        0x0 /usr/lib/gcc/arm-none-eabi/9.2.1/../../../arm-none-eabi/lib/thumb/v7-m/nofp/libc_nano.a(lib_a-memcmp.o)
 .data          0x0000000020000128        0x0 /usr/lib/gcc/arm-none-eabi/9.2.1/../../../arm-none-eabi/lib/thumb/v7-m/nofp/libc_nano.a(lib_a-memcpy.o)
 .data          0x0000000020000128        0x0 /usr/lib/gcc/arm-none-eabi/9.2.1/../../../arm-none-eabi/lib/thumb/v7-m/nofp/libc_nano.a(lib_a-memmove.o)
 .data          0x0000000020000128        0x0 /usr/lib/gcc/arm-none-eabi/9.2.1/../../../arm-none-eabi/lib/thumb/v7-m/nofp/libc_nano.a(lib_a-memset.o)
 .data          0x0000000020000128        0x0 /usr/lib/gcc/arm-none-eabi/9.2.1/../../../arm-none-eabi/lib/thumb/v7-m/nofp/libc_nano.a(lib_a-nano-freer.o)
 .data          0x0000000020000128        0x0 /usr/lib/gcc/arm-none-eabi/9.2.1/../../../arm-none-eabi/lib/thumb/v7-m/nofp/libc_nano.a(lib_a-nano-mallocr.o)
 .data          0x0000000020000128        0x0 /usr/lib/gcc/arm-none-eabi/9.2.1/../../../arm-none-eabi/lib/thumb/v7-m/nofp/libc_nano.a(lib_a-printf.o)
 .data          0x0000000020000128        0x0 /usr/lib/gcc/arm-none-eabi/9.2.1/../../../arm-none-eabi/lib/thumb/v7-m/nofp/libc_nano.a(lib_a-puts.o)
 .data          0x0000000020000128        0x0 /usr/lib/gcc/arm-none-eabi/9.2.1/../../../arm-none-eabi/lib/thumb/v7-m/nofp/libc_nano.a(lib_a-sbrkr.o)
 .data          0x0000000020000128        0x0 /usr/lib/gcc/arm-none-eabi/9.2.1/../../../arm-none-eabi/lib/thumb/v7-m/nofp/libc_nano.a(lib_a-snprintf.o)
 .data          0x0000000020000128        0x0 /usr/lib/gcc/arm-none-eabi/9.2.1/../../../arm-none-eabi/lib/thumb/v7-m/nofp/libc_nano.a(lib_a-sprintf.o)
 .data          0x0000000020000128        0x0 /usr/lib/gcc/arm-none-eabi/9.2.1/../../../arm-none-eabi/lib/thumb/v7-m/nofp/libc_nano.a(lib_a-strcasecmp.o)
 .data          0x0000000020000128        0x0 /usr/lib/gcc/arm-none-eabi/9.2.1/../../../arm-none-eabi/lib/thumb/v7-m/nofp/libc_nano.a(lib_a-strcmp.o)
 .data          0x0000000020000128        0x0 /usr/lib/gcc/arm-none-eabi/9.2.1/../../../arm-none-eabi/lib/thumb/v7-m/nofp/libc_nano.a(lib_a-strcpy.o)
 .data          0x0000000020000128        0x0 /usr/lib/gcc/arm-none-eabi/9.2.1/../../../arm-none-eabi/lib/thumb/v7-m/nofp/libc_nano.a(lib_a-strlen-stub.o)
 .data          0x0000000020000128        0x0 /usr/lib/gcc/arm-none-eabi/9.2.1/../../../arm-none-eabi/lib/thumb/v7-m/nofp/libc_nano.a(lib_a-strncmp.o)
 .data          0x0000000020000128        0x0 /usr/lib/gcc/arm-none-eabi/9.2.1/../../../arm-none-eabi/lib/thumb/v7-m/nofp/libc_nano.a(lib_a-time.o)
 .data          0x0000000020000128        0x0 /usr/lib/gcc/arm-none-eabi/9.2.1/../../../arm-none-eabi/lib/thumb/v7-m/nofp/libc_nano.a(lib_a-vprintf.o)
 .data          0x0000000020000128        0x0 /usr/lib/gcc/arm-none-eabi/9.2.1/../../../arm-none-eabi/lib/thumb/v7-m/nofp/libc_nano.a(lib_a-wbuf.o)
 .data          0x0000000020000128        0x0 /usr/lib/gcc/arm-none-eabi/9.2.1/../../../arm-none-eabi/lib/thumb/v7-m/nofp/libc_nano.a(lib_a-wsetup.o)
 .data          0x0000000020000128        0x0 /usr/lib/gcc/arm-none-eabi/9.2.1/../../../arm-none-eabi/lib/thumb/v7-m/nofp/libc_nano.a(lib_a-ctype_.o)
 .data          0x0000000020000128        0x0 /usr/lib/gcc/arm-none-eabi/9.2.1/../../../arm-none-eabi/lib/thumb/v7-m/nofp/libc_nano.a(lib_a-fflush.o)
 .data          0x0000000020000128        0x0 /usr/lib/gcc/arm-none-eabi/9.2.1/../../../arm-none-eabi/lib/thumb/v7-m/nofp/libc_nano.a(lib_a-findfp.o)
 .data          0x0000000020000128        0x0 /usr/lib/gcc/arm-none-eabi/9.2.1/../../../arm-none-eabi/lib/thumb/v7-m/nofp/libc_nano.a(lib_a-fwalk.o)
 .data          0x0000000020000128        0x0 /usr/lib/gcc/arm-none-eabi/9.2.1/../../../arm-none-eabi/lib/thumb/v7-m/nofp/libc_nano.a(lib_a-gettimeofdayr.o)
 .data          0x0000000020000128       0x64 /usr/lib/gcc/arm-none-eabi/9.2.1/../../../arm-none-eabi/lib/thumb/v7-m/nofp/libc_nano.a(lib_a-impure.o)
                0x0000000020000128                _impure_ptr
 .data          0x000000002000018c        0x0 /usr/lib/gcc/arm-none-eabi/9.2.1/../../../arm-none-eabi/lib/thumb/v7-m/nofp/libc_nano.a(lib_a-makebuf.o)
 .data          0x000000002000018c        0x0 /usr/lib/gcc/arm-none-eabi/9.2.1/../../../arm-none-eabi/lib/thumb/v7-m/nofp/libc_nano.a(lib_a-mlock.o)
 .data          0x000000002000018c        0x0 /usr/lib/gcc/arm-none-eabi/9.2.1/../../../arm-none-eabi/lib/thumb/v7-m/nofp/libc_nano.a(lib_a-nano-svfprintf.o)
 .data          0x000000002000018c        0x0 /usr/lib/gcc/arm-none-eabi/9.2.1/../../../arm-none-eabi/lib/thumb/v7-m/nofp/libc_nano.a(lib_a-nano-vfprintf.o)
 .data          0x000000002000018c        0x0 /usr/lib/gcc/arm-none-eabi/9.2.1/../../../arm-none-eabi/lib/thumb/v7-m/nofp/libc_nano.a(lib_a-nano-vfprintf_i.o)
 .data          0x000000002000018c        0x0 /usr/lib/gcc/arm-none-eabi/9.2.1/../../../arm-none-eabi/lib/thumb/v7-m/nofp/libc_nano.a(lib_a-reent.o)
 .data          0x000000002000018c        0x0 /usr/lib/gcc/arm-none-eabi/9.2.1/../../../arm-none-eabi/lib/thumb/v7-m/nofp/libc_nano.a(lib_a-stdio.o)
 .data          0x000000002000018c        0x0 /usr/lib/gcc/arm-none-eabi/9.2.1/../../../arm-none-eabi/lib/thumb/v7-m/nofp/libc_nano.a(lib_a-writer.o)
 .data          0x000000002000018c        0x0 /usr/lib/gcc/arm-none-eabi/9.2.1/../../../arm-none-eabi/lib/thumb/v7-m/nofp/libc_nano.a(lib_a-closer.o)
 .data          0x000000002000018c        0x0 /usr/lib/gcc/arm-none-eabi/9.2.1/../../../arm-none-eabi/lib/thumb/v7-m/nofp/libc_nano.a(lib_a-fstatr.o)
 .data          0x000000002000018c        0x0 /usr/lib/gcc/arm-none-eabi/9.2.1/../../../arm-none-eabi/lib/thumb/v7-m/nofp/libc_nano.a(lib_a-fvwrite.o)
 .data          0x000000002000018c        0x0 /usr/lib/gcc/arm-none-eabi/9.2.1/../../../arm-none-eabi/lib/thumb/v7-m/nofp/libc_nano.a(lib_a-isattyr.o)
 .data          0x000000002000018c        0x0 /usr/lib/gcc/arm-none-eabi/9.2.1/../../../arm-none-eabi/lib/thumb/v7-m/nofp/libc_nano.a(lib_a-lseekr.o)
 .data          0x000000002000018c        0x0 /usr/lib/gcc/arm-none-eabi/9.2.1/../../../arm-none-eabi/lib/thumb/v7-m/nofp/libc_nano.a(lib_a-memchr-stub.o)
 .data          0x000000002000018c        0x0 /usr/lib/gcc/arm-none-eabi/9.2.1/../../../arm-none-eabi/lib/thumb/v7-m/nofp/libc_nano.a(lib_a-nano-reallocr.o)
 .data          0x000000002000018c        0x0 /usr/lib/gcc/arm-none-eabi/9.2.1/../../../arm-none-eabi/lib/thumb/v7-m/nofp/libc_nano.a(lib_a-readr.o)
 .data          0x000000002000018c        0x0 /usr/lib/gcc/arm-none-eabi/9.2.1/../../../arm-none-eabi/lib/thumb/v7-m/nofp/libc_nano.a(lib_a-nano-msizer.o)
 .data          0x000000002000018c        0x0 /usr/lib/gcc/arm-none-eabi/9.2.1/../../../arm-none-eabi/lib/thumb/v7-m/nofp/librdimon_nano.a(rdimon-libcfunc.o)
 .data          0x000000002000018c        0xc /usr/lib/gcc/arm-none-eabi/9.2.1/../../../arm-none-eabi/lib/thumb/v7-m/nofp/librdimon_nano.a(rdimon-syscalls.o)
                0x000000002000018c                __heap_limit
 .data          0x0000000020000198        0x0 /usr/lib/gcc/arm-none-eabi/9.2.1/../../../arm-none-eabi/lib/thumb/v7-m/nofp/libc_nano.a(lib_a-errno.o)
                0x0000000020000198                . = ALIGN (0x4)
                0x0000000020000198                _edata = .

.igot.plt       0x0000000020000198        0x0 load address 0x00000000000123d4
 .igot.plt      0x0000000020000198        0x0 build/init/startup.o

.uninitialized  0x0000000020000198        0x8 load address 0x00000000000123d4
                0x00000000200001a0                . = ALIGN (0x20)
 *fill*         0x0000000020000198        0x8 
                0x00000000200001a0                __uninitialized_start = .
 *(.uninitialized)
 *(.keep.uninitialized)
                0x00000000200001a0                . = ALIGN (0x20)
                0x00000000200001a0                __uninitialized_end = .

.bss            0x00000000200001a0     0x1564 load address 0x00000000000123d4
                0x00000000200001a0                . = ALIGN (0x4)
                0x00000000200001a0                _sbss = .
                0x00000000200001a0                __bss_start__ = _sbss
 *(.bss*)
 .bss           0x00000000200001a0        0x0 build/init/startup.o
 .bss           0x00000000200001a0        0x4 build/syscall.o
 .bss           0x00000000200001a4        0x0 build/main.o
 .bss           0x00000000200001a4        0x8 build//root/fuzz/kernel/FreeRTOS/FreeRTOS/Source/portable/GCC/ARM_CM3/port.o
 .bss           0x00000000200001ac      0x13c build//root/fuzz/kernel/FreeRTOS/FreeRTOS/Source/tasks.o
                0x00000000200001b0                pxCurrentTCB
 .bss           0x00000000200002e8        0x0 build//root/fuzz/kernel/FreeRTOS/FreeRTOS/Source/list.o
 .bss           0x00000000200002e8        0x0 build//root/fuzz/kernel/FreeRTOS/FreeRTOS/Source/queue.o
 .bss           0x00000000200002e8        0x0 build//root/fuzz/kernel/FreeRTOS/FreeRTOS/Source/timers.o
 .bss           0x00000000200002e8        0x0 build//root/fuzz/kernel/FreeRTOS/FreeRTOS/Source/event_groups.o
 .bss           0x00000000200002e8        0x0 build//root/fuzz/kernel/FreeRTOS/FreeRTOS/Source/portable/MemMang/heap_3.o
 .bss           0x00000000200002e8        0x8 build/main_networking.o
                0x00000000200002ec                xTasksAlreadyCreated
 .bss           0x00000000200002f0       0x74 build//root/fuzz/kernel/FreeRTOS/FreeRTOS-Plus/Source/FreeRTOS-Plus-TCP/FreeRTOS_DNS.o
 .bss           0x0000000020000364        0x0 build//root/fuzz/kernel/FreeRTOS/FreeRTOS-Plus/Source/FreeRTOS-Plus-TCP/FreeRTOS_DHCP.o
 .bss           0x0000000020000364       0x4c build//root/fuzz/kernel/FreeRTOS/FreeRTOS-Plus/Source/FreeRTOS-Plus-TCP/FreeRTOS_ARP.o
 .bss           0x00000000200003b0       0x1c build//root/fuzz/kernel/FreeRTOS/FreeRTOS-Plus/Source/FreeRTOS-Plus-TCP/FreeRTOS_TCP_WIN.o
                0x00000000200003c8                xTCPWindowLoggingLevel
 .bss           0x00000000200003cc        0x0 build//root/fuzz/kernel/FreeRTOS/FreeRTOS-Plus/Source/FreeRTOS-Plus-TCP/FreeRTOS_Stream_Buffer.o
 .bss           0x00000000200003cc      0x88c build//root/fuzz/kernel/FreeRTOS/FreeRTOS-Plus/Source/FreeRTOS-Plus-TCP/portable/BufferManagement/BufferAllocation_2.o
 .bss           0x0000000020000c58       0x7a build//root/fuzz/kernel/FreeRTOS/FreeRTOS-Plus/Source/FreeRTOS-Plus-TCP/FreeRTOS_IP.o
                0x0000000020000c5c                xNetworkEventQueue
                0x0000000020000c68                xNetworkAddressing
                0x0000000020000c7c                xDefaultAddressing
                0x0000000020000cd0                usPacketIdentifier
 *fill*         0x0000000020000cd2        0x2 
 .bss           0x0000000020000cd4        0xe build//root/fuzz/kernel/FreeRTOS/FreeRTOS-Plus/Source/FreeRTOS-Plus-TCP/FreeRTOS_TCP_IP.o
 .bss           0x0000000020000ce2        0x0 build//root/fuzz/kernel/FreeRTOS/FreeRTOS-Plus/Source/FreeRTOS-Plus-TCP/FreeRTOS_UDP_IP.o
 *fill*         0x0000000020000ce2        0x2 
 .bss           0x0000000020000ce4        0x4 build//root/fuzz/kernel/FreeRTOS/FreeRTOS-Plus/Source/FreeRTOS-Plus-TCP/FreeRTOS_Sockets.o
 .bss           0x0000000020000ce8       0x18 build//root/fuzz/kernel/FreeRTOS/FreeRTOS-Plus/Source/FreeRTOS-Plus-TCP/portable/NetworkInterface/MPS2_AN385/NetworkInterface.o
 .bss           0x0000000020000d00      0x920 build/TCPEchoClient_SingleTasks.o
 .bss           0x0000000020001620        0x0 build//root/fuzz/kernel/FreeRTOS/FreeRTOS-Plus/Source/FreeRTOS-Plus-TCP/portable/NetworkInterface/MPS2_AN385/ether_lan9118/smsc9220_eth_drv.o
 .bss           0x0000000020001620        0x0 /usr/lib/gcc/arm-none-eabi/9.2.1/../../../arm-none-eabi/lib/thumb/v7-m/nofp/libc_nano.a(lib_a-malloc.o)
 .bss           0x0000000020001620        0x0 /usr/lib/gcc/arm-none-eabi/9.2.1/../../../arm-none-eabi/lib/thumb/v7-m/nofp/libc_nano.a(lib_a-memcmp.o)
 .bss           0x0000000020001620        0x0 /usr/lib/gcc/arm-none-eabi/9.2.1/../../../arm-none-eabi/lib/thumb/v7-m/nofp/libc_nano.a(lib_a-memcpy.o)
 .bss           0x0000000020001620        0x0 /usr/lib/gcc/arm-none-eabi/9.2.1/../../../arm-none-eabi/lib/thumb/v7-m/nofp/libc_nano.a(lib_a-memmove.o)
 .bss           0x0000000020001620        0x0 /usr/lib/gcc/arm-none-eabi/9.2.1/../../../arm-none-eabi/lib/thumb/v7-m/nofp/libc_nano.a(lib_a-memset.o)
 .bss           0x0000000020001620        0x0 /usr/lib/gcc/arm-none-eabi/9.2.1/../../../arm-none-eabi/lib/thumb/v7-m/nofp/libc_nano.a(lib_a-nano-freer.o)
 .bss           0x0000000020001620        0x8 /usr/lib/gcc/arm-none-eabi/9.2.1/../../../arm-none-eabi/lib/thumb/v7-m/nofp/libc_nano.a(lib_a-nano-mallocr.o)
                0x0000000020001620                __malloc_free_list
                0x0000000020001624                __malloc_sbrk_start
 .bss           0x0000000020001628        0x0 /usr/lib/gcc/arm-none-eabi/9.2.1/../../../arm-none-eabi/lib/thumb/v7-m/nofp/libc_nano.a(lib_a-printf.o)
 .bss           0x0000000020001628        0x0 /usr/lib/gcc/arm-none-eabi/9.2.1/../../../arm-none-eabi/lib/thumb/v7-m/nofp/libc_nano.a(lib_a-puts.o)
 .bss           0x0000000020001628        0x0 /usr/lib/gcc/arm-none-eabi/9.2.1/../../../arm-none-eabi/lib/thumb/v7-m/nofp/libc_nano.a(lib_a-sbrkr.o)
 .bss           0x0000000020001628        0x0 /usr/lib/gcc/arm-none-eabi/9.2.1/../../../arm-none-eabi/lib/thumb/v7-m/nofp/libc_nano.a(lib_a-snprintf.o)
 .bss           0x0000000020001628        0x0 /usr/lib/gcc/arm-none-eabi/9.2.1/../../../arm-none-eabi/lib/thumb/v7-m/nofp/libc_nano.a(lib_a-sprintf.o)
 .bss           0x0000000020001628        0x0 /usr/lib/gcc/arm-none-eabi/9.2.1/../../../arm-none-eabi/lib/thumb/v7-m/nofp/libc_nano.a(lib_a-strcasecmp.o)
 .bss           0x0000000020001628        0x0 /usr/lib/gcc/arm-none-eabi/9.2.1/../../../arm-none-eabi/lib/thumb/v7-m/nofp/libc_nano.a(lib_a-strcmp.o)
 .bss           0x0000000020001628        0x0 /usr/lib/gcc/arm-none-eabi/9.2.1/../../../arm-none-eabi/lib/thumb/v7-m/nofp/libc_nano.a(lib_a-strcpy.o)
 .bss           0x0000000020001628        0x0 /usr/lib/gcc/arm-none-eabi/9.2.1/../../../arm-none-eabi/lib/thumb/v7-m/nofp/libc_nano.a(lib_a-strlen-stub.o)
 .bss           0x0000000020001628        0x0 /usr/lib/gcc/arm-none-eabi/9.2.1/../../../arm-none-eabi/lib/thumb/v7-m/nofp/libc_nano.a(lib_a-strncmp.o)
 .bss           0x0000000020001628        0x0 /usr/lib/gcc/arm-none-eabi/9.2.1/../../../arm-none-eabi/lib/thumb/v7-m/nofp/libc_nano.a(lib_a-time.o)
 .bss           0x0000000020001628        0x0 /usr/lib/gcc/arm-none-eabi/9.2.1/../../../arm-none-eabi/lib/thumb/v7-m/nofp/libc_nano.a(lib_a-vprintf.o)
 .bss           0x0000000020001628        0x0 /usr/lib/gcc/arm-none-eabi/9.2.1/../../../arm-none-eabi/lib/thumb/v7-m/nofp/libc_nano.a(lib_a-wbuf.o)
 .bss           0x0000000020001628        0x0 /usr/lib/gcc/arm-none-eabi/9.2.1/../../../arm-none-eabi/lib/thumb/v7-m/nofp/libc_nano.a(lib_a-wsetup.o)
 .bss           0x0000000020001628        0x0 /usr/lib/gcc/arm-none-eabi/9.2.1/../../../arm-none-eabi/lib/thumb/v7-m/nofp/libc_nano.a(lib_a-ctype_.o)
 .bss           0x0000000020001628        0x0 /usr/lib/gcc/arm-none-eabi/9.2.1/../../../arm-none-eabi/lib/thumb/v7-m/nofp/libc_nano.a(lib_a-fflush.o)
 .bss           0x0000000020001628        0x0 /usr/lib/gcc/arm-none-eabi/9.2.1/../../../arm-none-eabi/lib/thumb/v7-m/nofp/libc_nano.a(lib_a-findfp.o)
 .bss           0x0000000020001628        0x0 /usr/lib/gcc/arm-none-eabi/9.2.1/../../../arm-none-eabi/lib/thumb/v7-m/nofp/libc_nano.a(lib_a-fwalk.o)
 .bss           0x0000000020001628        0x0 /usr/lib/gcc/arm-none-eabi/9.2.1/../../../arm-none-eabi/lib/thumb/v7-m/nofp/libc_nano.a(lib_a-gettimeofdayr.o)
 .bss           0x0000000020001628        0x0 /usr/lib/gcc/arm-none-eabi/9.2.1/../../../arm-none-eabi/lib/thumb/v7-m/nofp/libc_nano.a(lib_a-impure.o)
 .bss           0x0000000020001628        0x0 /usr/lib/gcc/arm-none-eabi/9.2.1/../../../arm-none-eabi/lib/thumb/v7-m/nofp/libc_nano.a(lib_a-makebuf.o)
 .bss           0x0000000020001628        0x0 /usr/lib/gcc/arm-none-eabi/9.2.1/../../../arm-none-eabi/lib/thumb/v7-m/nofp/libc_nano.a(lib_a-mlock.o)
 .bss           0x0000000020001628        0x0 /usr/lib/gcc/arm-none-eabi/9.2.1/../../../arm-none-eabi/lib/thumb/v7-m/nofp/libc_nano.a(lib_a-nano-svfprintf.o)
 .bss           0x0000000020001628        0x0 /usr/lib/gcc/arm-none-eabi/9.2.1/../../../arm-none-eabi/lib/thumb/v7-m/nofp/libc_nano.a(lib_a-nano-vfprintf.o)
 .bss           0x0000000020001628        0x0 /usr/lib/gcc/arm-none-eabi/9.2.1/../../../arm-none-eabi/lib/thumb/v7-m/nofp/libc_nano.a(lib_a-nano-vfprintf_i.o)
 .bss           0x0000000020001628        0x0 /usr/lib/gcc/arm-none-eabi/9.2.1/../../../arm-none-eabi/lib/thumb/v7-m/nofp/libc_nano.a(lib_a-reent.o)
 .bss           0x0000000020001628        0x0 /usr/lib/gcc/arm-none-eabi/9.2.1/../../../arm-none-eabi/lib/thumb/v7-m/nofp/libc_nano.a(lib_a-stdio.o)
 .bss           0x0000000020001628        0x0 /usr/lib/gcc/arm-none-eabi/9.2.1/../../../arm-none-eabi/lib/thumb/v7-m/nofp/libc_nano.a(lib_a-writer.o)
 .bss           0x0000000020001628        0x0 /usr/lib/gcc/arm-none-eabi/9.2.1/../../../arm-none-eabi/lib/thumb/v7-m/nofp/libc_nano.a(lib_a-closer.o)
 .bss           0x0000000020001628        0x0 /usr/lib/gcc/arm-none-eabi/9.2.1/../../../arm-none-eabi/lib/thumb/v7-m/nofp/libc_nano.a(lib_a-fstatr.o)
 .bss           0x0000000020001628        0x0 /usr/lib/gcc/arm-none-eabi/9.2.1/../../../arm-none-eabi/lib/thumb/v7-m/nofp/libc_nano.a(lib_a-fvwrite.o)
 .bss           0x0000000020001628        0x0 /usr/lib/gcc/arm-none-eabi/9.2.1/../../../arm-none-eabi/lib/thumb/v7-m/nofp/libc_nano.a(lib_a-isattyr.o)
 .bss           0x0000000020001628        0x0 /usr/lib/gcc/arm-none-eabi/9.2.1/../../../arm-none-eabi/lib/thumb/v7-m/nofp/libc_nano.a(lib_a-lseekr.o)
 .bss           0x0000000020001628        0x0 /usr/lib/gcc/arm-none-eabi/9.2.1/../../../arm-none-eabi/lib/thumb/v7-m/nofp/libc_nano.a(lib_a-memchr-stub.o)
 .bss           0x0000000020001628        0x0 /usr/lib/gcc/arm-none-eabi/9.2.1/../../../arm-none-eabi/lib/thumb/v7-m/nofp/libc_nano.a(lib_a-nano-reallocr.o)
 .bss           0x0000000020001628        0x0 /usr/lib/gcc/arm-none-eabi/9.2.1/../../../arm-none-eabi/lib/thumb/v7-m/nofp/libc_nano.a(lib_a-readr.o)
 .bss           0x0000000020001628        0x0 /usr/lib/gcc/arm-none-eabi/9.2.1/../../../arm-none-eabi/lib/thumb/v7-m/nofp/libc_nano.a(lib_a-nano-msizer.o)
 .bss           0x0000000020001628        0x0 /usr/lib/gcc/arm-none-eabi/9.2.1/../../../arm-none-eabi/lib/thumb/v7-m/nofp/librdimon_nano.a(rdimon-libcfunc.o)
 .bss           0x0000000020001628       0xb0 /usr/lib/gcc/arm-none-eabi/9.2.1/../../../arm-none-eabi/lib/thumb/v7-m/nofp/librdimon_nano.a(rdimon-syscalls.o)
 .bss           0x00000000200016d8        0x0 /usr/lib/gcc/arm-none-eabi/9.2.1/../../../arm-none-eabi/lib/thumb/v7-m/nofp/libc_nano.a(lib_a-errno.o)
 *(COMMON)
 COMMON         0x00000000200016d8       0x28 build//root/fuzz/kernel/FreeRTOS/FreeRTOS-Plus/Source/FreeRTOS-Plus-TCP/FreeRTOS_Sockets.o
                0x00000000200016d8                xBoundTCPSocketsList
                0x00000000200016ec                xBoundUDPSocketsList
 COMMON         0x0000000020001700        0x4 /usr/lib/gcc/arm-none-eabi/9.2.1/../../../arm-none-eabi/lib/thumb/v7-m/nofp/libc_nano.a(lib_a-reent.o)
                0x0000000020001700                errno
                0x0000000020001704                . = ALIGN (0x4)
                0x0000000020001704                _ebss = .
                0x0000000020001704                __bss_end__ = _ebss

.heap           0x0000000020001704    0x44004 load address 0x00000000000123d4
                0x0000000020001708                . = ALIGN (0x8)
 *fill*         0x0000000020001704        0x4 
                0x0000000020001708                PROVIDE (end = .)
                [!provide]                        PROVIDE (_end = .)
                0x0000000020001708                _heap_bottom = .
                0x0000000020041708                . = (. + _Min_Heap_Size)
 *fill*         0x0000000020001708    0x40000 
                0x0000000020041708                _heap_top = .
                0x0000000020045708                . = (. + _Min_Stack_Size)
 *fill*         0x0000000020041708     0x4000 
                0x0000000020045708                . = ALIGN (0x8)
                0x0000000020400000                __StackTop = (ORIGIN (RAM) + LENGTH (RAM))
                0x00000000203fc000                __StackLimit = (__StackTop - _Min_Stack_Size)
                [!provide]                        PROVIDE (__stack = __StackTop)
                0x0000000000000001                ASSERT ((__StackLimit >= _heap_top), region RAM overflowed with stack)
OUTPUT(build/RTOSDemo.axf elf32-littlearm)
LOAD linker stubs

.comment        0x0000000000000000       0x59
 .comment       0x0000000000000000       0x59 build/init/startup.o
                                         0x5a (size before relaxing)
 .comment       0x0000000000000059       0x5a build/syscall.o
 .comment       0x0000000000000059       0x5a build/main.o
 .comment       0x0000000000000059       0x5a build//root/fuzz/kernel/FreeRTOS/FreeRTOS/Source/portable/GCC/ARM_CM3/port.o
 .comment       0x0000000000000059       0x5a build//root/fuzz/kernel/FreeRTOS/FreeRTOS/Source/tasks.o
 .comment       0x0000000000000059       0x5a build//root/fuzz/kernel/FreeRTOS/FreeRTOS/Source/list.o
 .comment       0x0000000000000059       0x5a build//root/fuzz/kernel/FreeRTOS/FreeRTOS/Source/queue.o
 .comment       0x0000000000000059       0x5a build//root/fuzz/kernel/FreeRTOS/FreeRTOS/Source/timers.o
 .comment       0x0000000000000059       0x5a build//root/fuzz/kernel/FreeRTOS/FreeRTOS/Source/event_groups.o
 .comment       0x0000000000000059       0x5a build//root/fuzz/kernel/FreeRTOS/FreeRTOS/Source/portable/MemMang/heap_3.o
 .comment       0x0000000000000059       0x5a build/main_networking.o
 .comment       0x0000000000000059       0x5a build//root/fuzz/kernel/FreeRTOS/FreeRTOS-Plus/Source/FreeRTOS-Plus-TCP/FreeRTOS_DNS.o
 .comment       0x0000000000000059       0x5a build//root/fuzz/kernel/FreeRTOS/FreeRTOS-Plus/Source/FreeRTOS-Plus-TCP/FreeRTOS_DHCP.o
 .comment       0x0000000000000059       0x5a build//root/fuzz/kernel/FreeRTOS/FreeRTOS-Plus/Source/FreeRTOS-Plus-TCP/FreeRTOS_ARP.o
 .comment       0x0000000000000059       0x5a build//root/fuzz/kernel/FreeRTOS/FreeRTOS-Plus/Source/FreeRTOS-Plus-TCP/FreeRTOS_TCP_WIN.o
 .comment       0x0000000000000059       0x5a build//root/fuzz/kernel/FreeRTOS/FreeRTOS-Plus/Source/FreeRTOS-Plus-TCP/FreeRTOS_Stream_Buffer.o
 .comment       0x0000000000000059       0x5a build//root/fuzz/kernel/FreeRTOS/FreeRTOS-Plus/Source/FreeRTOS-Plus-TCP/portable/BufferManagement/BufferAllocation_2.o
 .comment       0x0000000000000059       0x5a build//root/fuzz/kernel/FreeRTOS/FreeRTOS-Plus/Source/FreeRTOS-Plus-TCP/FreeRTOS_IP.o
 .comment       0x0000000000000059       0x5a build//root/fuzz/kernel/FreeRTOS/FreeRTOS-Plus/Source/FreeRTOS-Plus-TCP/FreeRTOS_TCP_IP.o
 .comment       0x0000000000000059       0x5a build//root/fuzz/kernel/FreeRTOS/FreeRTOS-Plus/Source/FreeRTOS-Plus-TCP/FreeRTOS_UDP_IP.o
 .comment       0x0000000000000059       0x5a build//root/fuzz/kernel/FreeRTOS/FreeRTOS-Plus/Source/FreeRTOS-Plus-TCP/FreeRTOS_Sockets.o
 .comment       0x0000000000000059       0x5a build//root/fuzz/kernel/FreeRTOS/FreeRTOS-Plus/Source/FreeRTOS-Plus-TCP/portable/NetworkInterface/MPS2_AN385/NetworkInterface.o
 .comment       0x0000000000000059       0x5a build/TCPEchoClient_SingleTasks.o
 .comment       0x0000000000000059       0x5a build//root/fuzz/kernel/FreeRTOS/FreeRTOS-Plus/Source/FreeRTOS-Plus-TCP/portable/NetworkInterface/MPS2_AN385/ether_lan9118/smsc9220_eth_drv.o
 .comment       0x0000000000000059       0x5a /usr/lib/gcc/arm-none-eabi/9.2.1/../../../arm-none-eabi/lib/thumb/v7-m/nofp/libc_nano.a(lib_a-malloc.o)
 .comment       0x0000000000000059       0x5a /usr/lib/gcc/arm-none-eabi/9.2.1/../../../arm-none-eabi/lib/thumb/v7-m/nofp/libc_nano.a(lib_a-memcmp.o)
 .comment       0x0000000000000059       0x5a /usr/lib/gcc/arm-none-eabi/9.2.1/../../../arm-none-eabi/lib/thumb/v7-m/nofp/libc_nano.a(lib_a-memmove.o)
 .comment       0x0000000000000059       0x5a /usr/lib/gcc/arm-none-eabi/9.2.1/../../../arm-none-eabi/lib/thumb/v7-m/nofp/libc_nano.a(lib_a-memset.o)
 .comment       0x0000000000000059       0x5a /usr/lib/gcc/arm-none-eabi/9.2.1/../../../arm-none-eabi/lib/thumb/v7-m/nofp/libc_nano.a(lib_a-nano-freer.o)
 .comment       0x0000000000000059       0x5a /usr/lib/gcc/arm-none-eabi/9.2.1/../../../arm-none-eabi/lib/thumb/v7-m/nofp/libc_nano.a(lib_a-nano-mallocr.o)
 .comment       0x0000000000000059       0x5a /usr/lib/gcc/arm-none-eabi/9.2.1/../../../arm-none-eabi/lib/thumb/v7-m/nofp/libc_nano.a(lib_a-printf.o)
 .comment       0x0000000000000059       0x5a /usr/lib/gcc/arm-none-eabi/9.2.1/../../../arm-none-eabi/lib/thumb/v7-m/nofp/libc_nano.a(lib_a-puts.o)
 .comment       0x0000000000000059       0x5a /usr/lib/gcc/arm-none-eabi/9.2.1/../../../arm-none-eabi/lib/thumb/v7-m/nofp/libc_nano.a(lib_a-sbrkr.o)
 .comment       0x0000000000000059       0x5a /usr/lib/gcc/arm-none-eabi/9.2.1/../../../arm-none-eabi/lib/thumb/v7-m/nofp/libc_nano.a(lib_a-snprintf.o)
 .comment       0x0000000000000059       0x5a /usr/lib/gcc/arm-none-eabi/9.2.1/../../../arm-none-eabi/lib/thumb/v7-m/nofp/libc_nano.a(lib_a-sprintf.o)
 .comment       0x0000000000000059       0x5a /usr/lib/gcc/arm-none-eabi/9.2.1/../../../arm-none-eabi/lib/thumb/v7-m/nofp/libc_nano.a(lib_a-strcasecmp.o)
 .comment       0x0000000000000059       0x5a /usr/lib/gcc/arm-none-eabi/9.2.1/../../../arm-none-eabi/lib/thumb/v7-m/nofp/libc_nano.a(lib_a-strcpy.o)
 .comment       0x0000000000000059       0x5a /usr/lib/gcc/arm-none-eabi/9.2.1/../../../arm-none-eabi/lib/thumb/v7-m/nofp/libc_nano.a(lib_a-strlen-stub.o)
 .comment       0x0000000000000059       0x5a /usr/lib/gcc/arm-none-eabi/9.2.1/../../../arm-none-eabi/lib/thumb/v7-m/nofp/libc_nano.a(lib_a-strncmp.o)
 .comment       0x0000000000000059       0x5a /usr/lib/gcc/arm-none-eabi/9.2.1/../../../arm-none-eabi/lib/thumb/v7-m/nofp/libc_nano.a(lib_a-time.o)
 .comment       0x0000000000000059       0x5a /usr/lib/gcc/arm-none-eabi/9.2.1/../../../arm-none-eabi/lib/thumb/v7-m/nofp/libc_nano.a(lib_a-vprintf.o)
 .comment       0x0000000000000059       0x5a /usr/lib/gcc/arm-none-eabi/9.2.1/../../../arm-none-eabi/lib/thumb/v7-m/nofp/libc_nano.a(lib_a-wbuf.o)
 .comment       0x0000000000000059       0x5a /usr/lib/gcc/arm-none-eabi/9.2.1/../../../arm-none-eabi/lib/thumb/v7-m/nofp/libc_nano.a(lib_a-wsetup.o)
 .comment       0x0000000000000059       0x5a /usr/lib/gcc/arm-none-eabi/9.2.1/../../../arm-none-eabi/lib/thumb/v7-m/nofp/libc_nano.a(lib_a-ctype_.o)
 .comment       0x0000000000000059       0x5a /usr/lib/gcc/arm-none-eabi/9.2.1/../../../arm-none-eabi/lib/thumb/v7-m/nofp/libc_nano.a(lib_a-fflush.o)
 .comment       0x0000000000000059       0x5a /usr/lib/gcc/arm-none-eabi/9.2.1/../../../arm-none-eabi/lib/thumb/v7-m/nofp/libc_nano.a(lib_a-findfp.o)
 .comment       0x0000000000000059       0x5a /usr/lib/gcc/arm-none-eabi/9.2.1/../../../arm-none-eabi/lib/thumb/v7-m/nofp/libc_nano.a(lib_a-fwalk.o)
 .comment       0x0000000000000059       0x5a /usr/lib/gcc/arm-none-eabi/9.2.1/../../../arm-none-eabi/lib/thumb/v7-m/nofp/libc_nano.a(lib_a-gettimeofdayr.o)
 .comment       0x0000000000000059       0x5a /usr/lib/gcc/arm-none-eabi/9.2.1/../../../arm-none-eabi/lib/thumb/v7-m/nofp/libc_nano.a(lib_a-impure.o)
 .comment       0x0000000000000059       0x5a /usr/lib/gcc/arm-none-eabi/9.2.1/../../../arm-none-eabi/lib/thumb/v7-m/nofp/libc_nano.a(lib_a-makebuf.o)
 .comment       0x0000000000000059       0x5a /usr/lib/gcc/arm-none-eabi/9.2.1/../../../arm-none-eabi/lib/thumb/v7-m/nofp/libc_nano.a(lib_a-mlock.o)
 .comment       0x0000000000000059       0x5a /usr/lib/gcc/arm-none-eabi/9.2.1/../../../arm-none-eabi/lib/thumb/v7-m/nofp/libc_nano.a(lib_a-nano-svfprintf.o)
 .comment       0x0000000000000059       0x5a /usr/lib/gcc/arm-none-eabi/9.2.1/../../../arm-none-eabi/lib/thumb/v7-m/nofp/libc_nano.a(lib_a-nano-vfprintf.o)
 .comment       0x0000000000000059       0x5a /usr/lib/gcc/arm-none-eabi/9.2.1/../../../arm-none-eabi/lib/thumb/v7-m/nofp/libc_nano.a(lib_a-nano-vfprintf_i.o)
 .comment       0x0000000000000059       0x5a /usr/lib/gcc/arm-none-eabi/9.2.1/../../../arm-none-eabi/lib/thumb/v7-m/nofp/libc_nano.a(lib_a-reent.o)
 .comment       0x0000000000000059       0x5a /usr/lib/gcc/arm-none-eabi/9.2.1/../../../arm-none-eabi/lib/thumb/v7-m/nofp/libc_nano.a(lib_a-stdio.o)
 .comment       0x0000000000000059       0x5a /usr/lib/gcc/arm-none-eabi/9.2.1/../../../arm-none-eabi/lib/thumb/v7-m/nofp/libc_nano.a(lib_a-writer.o)
 .comment       0x0000000000000059       0x5a /usr/lib/gcc/arm-none-eabi/9.2.1/../../../arm-none-eabi/lib/thumb/v7-m/nofp/libc_nano.a(lib_a-closer.o)
 .comment       0x0000000000000059       0x5a /usr/lib/gcc/arm-none-eabi/9.2.1/../../../arm-none-eabi/lib/thumb/v7-m/nofp/libc_nano.a(lib_a-fstatr.o)
 .comment       0x0000000000000059       0x5a /usr/lib/gcc/arm-none-eabi/9.2.1/../../../arm-none-eabi/lib/thumb/v7-m/nofp/libc_nano.a(lib_a-fvwrite.o)
 .comment       0x0000000000000059       0x5a /usr/lib/gcc/arm-none-eabi/9.2.1/../../../arm-none-eabi/lib/thumb/v7-m/nofp/libc_nano.a(lib_a-isattyr.o)
 .comment       0x0000000000000059       0x5a /usr/lib/gcc/arm-none-eabi/9.2.1/../../../arm-none-eabi/lib/thumb/v7-m/nofp/libc_nano.a(lib_a-lseekr.o)
 .comment       0x0000000000000059       0x5a /usr/lib/gcc/arm-none-eabi/9.2.1/../../../arm-none-eabi/lib/thumb/v7-m/nofp/libc_nano.a(lib_a-memchr-stub.o)
 .comment       0x0000000000000059       0x5a /usr/lib/gcc/arm-none-eabi/9.2.1/../../../arm-none-eabi/lib/thumb/v7-m/nofp/libc_nano.a(lib_a-nano-reallocr.o)
 .comment       0x0000000000000059       0x5a /usr/lib/gcc/arm-none-eabi/9.2.1/../../../arm-none-eabi/lib/thumb/v7-m/nofp/libc_nano.a(lib_a-readr.o)
 .comment       0x0000000000000059       0x5a /usr/lib/gcc/arm-none-eabi/9.2.1/../../../arm-none-eabi/lib/thumb/v7-m/nofp/libc_nano.a(lib_a-nano-msizer.o)
 .comment       0x0000000000000059       0x5a /usr/lib/gcc/arm-none-eabi/9.2.1/../../../arm-none-eabi/lib/thumb/v7-m/nofp/librdimon_nano.a(rdimon-libcfunc.o)
 .comment       0x0000000000000059       0x5a /usr/lib/gcc/arm-none-eabi/9.2.1/../../../arm-none-eabi/lib/thumb/v7-m/nofp/librdimon_nano.a(rdimon-syscalls.o)
 .comment       0x0000000000000059       0x5a /usr/lib/gcc/arm-none-eabi/9.2.1/../../../arm-none-eabi/lib/thumb/v7-m/nofp/libc_nano.a(lib_a-errno.o)

.ARM.attributes
                0x0000000000000000       0x2b
 .ARM.attributes
                0x0000000000000000       0x2d build/init/startup.o
 .ARM.attributes
                0x000000000000002d       0x2d build/syscall.o
 .ARM.attributes
                0x000000000000005a       0x2d build/main.o
 .ARM.attributes
                0x0000000000000087       0x2d build//root/fuzz/kernel/FreeRTOS/FreeRTOS/Source/portable/GCC/ARM_CM3/port.o
 .ARM.attributes
                0x00000000000000b4       0x2d build//root/fuzz/kernel/FreeRTOS/FreeRTOS/Source/tasks.o
 .ARM.attributes
                0x00000000000000e1       0x2d build//root/fuzz/kernel/FreeRTOS/FreeRTOS/Source/list.o
 .ARM.attributes
                0x000000000000010e       0x2d build//root/fuzz/kernel/FreeRTOS/FreeRTOS/Source/queue.o
 .ARM.attributes
                0x000000000000013b       0x33 build//root/fuzz/kernel/FreeRTOS/FreeRTOS/Source/timers.o
 .ARM.attributes
                0x000000000000016e       0x2d build//root/fuzz/kernel/FreeRTOS/FreeRTOS/Source/event_groups.o
 .ARM.attributes
                0x000000000000019b       0x2d build//root/fuzz/kernel/FreeRTOS/FreeRTOS/Source/portable/MemMang/heap_3.o
 .ARM.attributes
                0x00000000000001c8       0x2d build/main_networking.o
 .ARM.attributes
                0x00000000000001f5       0x2d build//root/fuzz/kernel/FreeRTOS/FreeRTOS-Plus/Source/FreeRTOS-Plus-TCP/FreeRTOS_DNS.o
 .ARM.attributes
                0x0000000000000222       0x33 build//root/fuzz/kernel/FreeRTOS/FreeRTOS-Plus/Source/FreeRTOS-Plus-TCP/FreeRTOS_DHCP.o
 .ARM.attributes
                0x0000000000000255       0x2d build//root/fuzz/kernel/FreeRTOS/FreeRTOS-Plus/Source/FreeRTOS-Plus-TCP/FreeRTOS_ARP.o
 .ARM.attributes
                0x0000000000000282       0x2d build//root/fuzz/kernel/FreeRTOS/FreeRTOS-Plus/Source/FreeRTOS-Plus-TCP/FreeRTOS_TCP_WIN.o
 .ARM.attributes
                0x00000000000002af       0x2d build//root/fuzz/kernel/FreeRTOS/FreeRTOS-Plus/Source/FreeRTOS-Plus-TCP/FreeRTOS_Stream_Buffer.o
 .ARM.attributes
                0x00000000000002dc       0x2d build//root/fuzz/kernel/FreeRTOS/FreeRTOS-Plus/Source/FreeRTOS-Plus-TCP/portable/BufferManagement/BufferAllocation_2.o
 .ARM.attributes
                0x0000000000000309       0x2d build//root/fuzz/kernel/FreeRTOS/FreeRTOS-Plus/Source/FreeRTOS-Plus-TCP/FreeRTOS_IP.o
 .ARM.attributes
                0x0000000000000336       0x2d build//root/fuzz/kernel/FreeRTOS/FreeRTOS-Plus/Source/FreeRTOS-Plus-TCP/FreeRTOS_TCP_IP.o
 .ARM.attributes
                0x0000000000000363       0x2d build//root/fuzz/kernel/FreeRTOS/FreeRTOS-Plus/Source/FreeRTOS-Plus-TCP/FreeRTOS_UDP_IP.o
 .ARM.attributes
                0x0000000000000390       0x2d build//root/fuzz/kernel/FreeRTOS/FreeRTOS-Plus/Source/FreeRTOS-Plus-TCP/FreeRTOS_Sockets.o
 .ARM.attributes
                0x00000000000003bd       0x2d build//root/fuzz/kernel/FreeRTOS/FreeRTOS-Plus/Source/FreeRTOS-Plus-TCP/portable/NetworkInterface/MPS2_AN385/NetworkInterface.o
 .ARM.attributes
                0x00000000000003ea       0x2d build/TCPEchoClient_SingleTasks.o
 .ARM.attributes
                0x0000000000000417       0x2d build//root/fuzz/kernel/FreeRTOS/FreeRTOS-Plus/Source/FreeRTOS-Plus-TCP/portable/NetworkInterface/MPS2_AN385/ether_lan9118/smsc9220_eth_drv.o
 .ARM.attributes
                0x0000000000000444       0x2d /usr/lib/gcc/arm-none-eabi/9.2.1/../../../arm-none-eabi/lib/thumb/v7-m/nofp/libc_nano.a(lib_a-malloc.o)
 .ARM.attributes
                0x0000000000000471       0x2d /usr/lib/gcc/arm-none-eabi/9.2.1/../../../arm-none-eabi/lib/thumb/v7-m/nofp/libc_nano.a(lib_a-memcmp.o)
 .ARM.attributes
                0x000000000000049e       0x1b /usr/lib/gcc/arm-none-eabi/9.2.1/../../../arm-none-eabi/lib/thumb/v7-m/nofp/libc_nano.a(lib_a-memcpy.o)
 .ARM.attributes
                0x00000000000004b9       0x2d /usr/lib/gcc/arm-none-eabi/9.2.1/../../../arm-none-eabi/lib/thumb/v7-m/nofp/libc_nano.a(lib_a-memmove.o)
 .ARM.attributes
                0x00000000000004e6       0x2d /usr/lib/gcc/arm-none-eabi/9.2.1/../../../arm-none-eabi/lib/thumb/v7-m/nofp/libc_nano.a(lib_a-memset.o)
 .ARM.attributes
                0x0000000000000513       0x2d /usr/lib/gcc/arm-none-eabi/9.2.1/../../../arm-none-eabi/lib/thumb/v7-m/nofp/libc_nano.a(lib_a-nano-freer.o)
 .ARM.attributes
                0x0000000000000540       0x2d /usr/lib/gcc/arm-none-eabi/9.2.1/../../../arm-none-eabi/lib/thumb/v7-m/nofp/libc_nano.a(lib_a-nano-mallocr.o)
 .ARM.attributes
                0x000000000000056d       0x2d /usr/lib/gcc/arm-none-eabi/9.2.1/../../../arm-none-eabi/lib/thumb/v7-m/nofp/libc_nano.a(lib_a-printf.o)
 .ARM.attributes
                0x000000000000059a       0x2d /usr/lib/gcc/arm-none-eabi/9.2.1/../../../arm-none-eabi/lib/thumb/v7-m/nofp/libc_nano.a(lib_a-puts.o)
 .ARM.attributes
                0x00000000000005c7       0x2d /usr/lib/gcc/arm-none-eabi/9.2.1/../../../arm-none-eabi/lib/thumb/v7-m/nofp/libc_nano.a(lib_a-sbrkr.o)
 .ARM.attributes
                0x00000000000005f4       0x2d /usr/lib/gcc/arm-none-eabi/9.2.1/../../../arm-none-eabi/lib/thumb/v7-m/nofp/libc_nano.a(lib_a-snprintf.o)
 .ARM.attributes
                0x0000000000000621       0x2d /usr/lib/gcc/arm-none-eabi/9.2.1/../../../arm-none-eabi/lib/thumb/v7-m/nofp/libc_nano.a(lib_a-sprintf.o)
 .ARM.attributes
                0x000000000000064e       0x2d /usr/lib/gcc/arm-none-eabi/9.2.1/../../../arm-none-eabi/lib/thumb/v7-m/nofp/libc_nano.a(lib_a-strcasecmp.o)
 .ARM.attributes
                0x000000000000067b       0x1b /usr/lib/gcc/arm-none-eabi/9.2.1/../../../arm-none-eabi/lib/thumb/v7-m/nofp/libc_nano.a(lib_a-strcmp.o)
 .ARM.attributes
                0x0000000000000696       0x2d /usr/lib/gcc/arm-none-eabi/9.2.1/../../../arm-none-eabi/lib/thumb/v7-m/nofp/libc_nano.a(lib_a-strcpy.o)
 .ARM.attributes
                0x00000000000006c3       0x2d /usr/lib/gcc/arm-none-eabi/9.2.1/../../../arm-none-eabi/lib/thumb/v7-m/nofp/libc_nano.a(lib_a-strlen-stub.o)
 .ARM.attributes
                0x00000000000006f0       0x2d /usr/lib/gcc/arm-none-eabi/9.2.1/../../../arm-none-eabi/lib/thumb/v7-m/nofp/libc_nano.a(lib_a-strncmp.o)
 .ARM.attributes
                0x000000000000071d       0x2d /usr/lib/gcc/arm-none-eabi/9.2.1/../../../arm-none-eabi/lib/thumb/v7-m/nofp/libc_nano.a(lib_a-time.o)
 .ARM.attributes
                0x000000000000074a       0x2d /usr/lib/gcc/arm-none-eabi/9.2.1/../../../arm-none-eabi/lib/thumb/v7-m/nofp/libc_nano.a(lib_a-vprintf.o)
 .ARM.attributes
                0x0000000000000777       0x2d /usr/lib/gcc/arm-none-eabi/9.2.1/../../../arm-none-eabi/lib/thumb/v7-m/nofp/libc_nano.a(lib_a-wbuf.o)
 .ARM.attributes
                0x00000000000007a4       0x2d /usr/lib/gcc/arm-none-eabi/9.2.1/../../../arm-none-eabi/lib/thumb/v7-m/nofp/libc_nano.a(lib_a-wsetup.o)
 .ARM.attributes
                0x00000000000007d1       0x2d /usr/lib/gcc/arm-none-eabi/9.2.1/../../../arm-none-eabi/lib/thumb/v7-m/nofp/libc_nano.a(lib_a-ctype_.o)
 .ARM.attributes
                0x00000000000007fe       0x2d /usr/lib/gcc/arm-none-eabi/9.2.1/../../../arm-none-eabi/lib/thumb/v7-m/nofp/libc_nano.a(lib_a-fflush.o)
 .ARM.attributes
                0x000000000000082b       0x2d /usr/lib/gcc/arm-none-eabi/9.2.1/../../../arm-none-eabi/lib/thumb/v7-m/nofp/libc_nano.a(lib_a-findfp.o)
 .ARM.attributes
                0x0000000000000858       0x2d /usr/lib/gcc/arm-none-eabi/9.2.1/../../../arm-none-eabi/lib/thumb/v7-m/nofp/libc_nano.a(lib_a-fwalk.o)
 .ARM.attributes
                0x0000000000000885       0x2d /usr/lib/gcc/arm-none-eabi/9.2.1/../../../arm-none-eabi/lib/thumb/v7-m/nofp/libc_nano.a(lib_a-gettimeofdayr.o)
 .ARM.attributes
                0x00000000000008b2       0x2d /usr/lib/gcc/arm-none-eabi/9.2.1/../../../arm-none-eabi/lib/thumb/v7-m/nofp/libc_nano.a(lib_a-impure.o)
 .ARM.attributes
                0x00000000000008df       0x2d /usr/lib/gcc/arm-none-eabi/9.2.1/../../../arm-none-eabi/lib/thumb/v7-m/nofp/libc_nano.a(lib_a-makebuf.o)
 .ARM.attributes
                0x000000000000090c       0x2d /usr/lib/gcc/arm-none-eabi/9.2.1/../../../arm-none-eabi/lib/thumb/v7-m/nofp/libc_nano.a(lib_a-mlock.o)
 .ARM.attributes
                0x0000000000000939       0x2d /usr/lib/gcc/arm-none-eabi/9.2.1/../../../arm-none-eabi/lib/thumb/v7-m/nofp/libc_nano.a(lib_a-nano-svfprintf.o)
 .ARM.attributes
                0x0000000000000966       0x2d /usr/lib/gcc/arm-none-eabi/9.2.1/../../../arm-none-eabi/lib/thumb/v7-m/nofp/libc_nano.a(lib_a-nano-vfprintf.o)
 .ARM.attributes
                0x0000000000000993       0x2d /usr/lib/gcc/arm-none-eabi/9.2.1/../../../arm-none-eabi/lib/thumb/v7-m/nofp/libc_nano.a(lib_a-nano-vfprintf_i.o)
 .ARM.attributes
                0x00000000000009c0       0x2d /usr/lib/gcc/arm-none-eabi/9.2.1/../../../arm-none-eabi/lib/thumb/v7-m/nofp/libc_nano.a(lib_a-reent.o)
 .ARM.attributes
                0x00000000000009ed       0x2d /usr/lib/gcc/arm-none-eabi/9.2.1/../../../arm-none-eabi/lib/thumb/v7-m/nofp/libc_nano.a(lib_a-stdio.o)
 .ARM.attributes
                0x0000000000000a1a       0x2d /usr/lib/gcc/arm-none-eabi/9.2.1/../../../arm-none-eabi/lib/thumb/v7-m/nofp/libc_nano.a(lib_a-writer.o)
 .ARM.attributes
                0x0000000000000a47       0x2d /usr/lib/gcc/arm-none-eabi/9.2.1/../../../arm-none-eabi/lib/thumb/v7-m/nofp/libc_nano.a(lib_a-closer.o)
 .ARM.attributes